#Name     Subgroup Source         Destination                    Size    Instantiate? Append? Compress? StartDisk TotalDisks Icon Group                 Item                  Command                                       

nocopy    ""       "UTIL73.INS"   "%INSTALLER_HOME%\"               4186 false        false   false            00         00   00 ""                    ""                    ""                                            
          ""       "UTIL73.VRF"   "%INSTALLER_HOME%\"               6705 false        false   false            00         00   00 ""                    ""                    ""                                            

deinstl   ""       "UTIL73.DEI"   "%INSTALLER_HOME%\"               6498 false        false   false            00         00   00 ""                    ""                    ""                                            
          ""       "UTIL73.MAP"   "%INSTALLER_HOME%\"              78610 false        false   false            00         00   00 ""                    ""                    ""                                            

deinstl71 ""       "UTIL71.DEI"   "%INSTALLER_HOME%\"               5296 false        false   false            00         00   00 ""                    ""                    ""                                            

exec      ""       "EXP73.EXE"    "%ORACLE_HOME%\BIN\"            115200 false        false   false            00         00   00 ""                    ""                    ""                                            
          ""       "IMP73.EXE"    "%ORACLE_HOME%\BIN\"             65536 false        false   false            00         00   00 ""                    ""                    ""                                            
          ""       "SVRMGR23.EXE" "%ORACLE_HOME%\BIN\"            178176 false        false   false            00         00   00 ""    			    ""					  ""
          ""       "SQLLDR73.EXE" "%ORACLE_HOME%\BIN\"            280576 false        false   false            00         00   00 ""                    ""                    ""                                            
          ""       "TKPROF73.EXE" "%ORACLE_HOME%\BIN\"             64000 false        false   false            00         00   00 ""                    ""                    ""                                            
          ""       "OCOPY73.EXE"  "%ORACLE_HOME%\BIN\"             17408 false        false   false            00         00   00 ""                    ""                    ""                                            
          ""       "DBVERF73.EXE" "%ORACLE_HOME%\BIN\"             35840 false        false   false            00         00   00 ""                    ""                    ""                                            

help      ""       ""             "%ORACLE_HOME%\MSHELP"              00 false        false   false            00         00   00 ""                    ""                    ""                                            
#         ""       "XE73T.HLP"    "%ORACLE_HOME%\MSHELP\"        1362065 false        false   false            00         00   00 "%ORACLE_GROUP_NAME%" "Server User's Guide" "WINHLP32.EXE %ORACLE_HOME%\MSHELP\XE73T.HLP;"

msg       ""       ""             "%RDBMS73%"                         00 false        false   false            00         00   00 ""                    ""                    ""                                            
          ""       "MGRUS.MSB"    "%RDBMS73%\"                     40448 false        false   false            00         00   00 ""                    ""                    ""                                            
          ""       "EXPUS.MSB"    "%RDBMS73%\"                      7680 false        false   false            00         00   00 ""                    ""                    ""                                            
          ""       "IMPUS.MSB"    "%RDBMS73%\"                      7680 false        false   false            00         00   00 ""                    ""                    ""                                            
          ""       "ULUS.MSB"     "%RDBMS73%\"                     18432 false        false   false            00         00   00 ""                    ""                    ""                                            
          ""       "DBVUS.MSB"    "%RDBMS73%\"                      3072 false        false   false            00         00   00 ""                    ""                    ""                                            
          "AR"     "MGRAR.MSB"    "%RDBMS73%\"                     39936 false        false   false            00         00   00 ""                    ""                    ""                                            
          "AR"     "EXPAR.MSB"    "%RDBMS73%\"                      7680 false        false   false            00         00   00 ""                    ""                    ""                                            
          "AR"     "IMPAR.MSB"    "%RDBMS73%\"                      7680 false        false   false            00         00   00 ""                    ""                    ""                                            
          "AR"     "ULAR.MSB"     "%RDBMS73%\"                     18432 false        false   false            00         00   00 ""                    ""                    ""                                            
          "AR"     "DBVAR.MSB"    "%RDBMS73%\"                      3072 false        false   false            00         00   00 ""                    ""                    ""                                            
          "CA"     "MGRCA.MSB"    "%RDBMS73%\"                     44032 false        false   false            00         00   00 ""                    ""                    ""                                            
          "CA"     "EXPCA.MSB"    "%RDBMS73%\"                      8704 false        false   false            00         00   00 ""                    ""                    ""                                            
          "CA"     "IMPCA.MSB"    "%RDBMS73%\"                      9216 false        false   false            00         00   00 ""                    ""                    ""                                            
          "CA"     "ULCA.MSB"     "%RDBMS73%\"                     22016 false        false   false            00         00   00 ""                    ""                    ""                                            
          "CA"     "DBVCA.MSB"    "%RDBMS73%\"                      3072 false        false   false            00         00   00 ""                    ""                    ""                                            
          "CS"     "MGRCS.MSB"    "%RDBMS73%\"                     41472 false        false   false            00         00   00 ""                    ""                    ""                                            
          "CS"     "EXPCS.MSB"    "%RDBMS73%\"                      8704 false        false   false            00         00   00 ""                    ""                    ""                                            
          "CS"     "IMPCS.MSB"    "%RDBMS73%\"                      8704 false        false   false            00         00   00 ""                    ""                    ""                                            
          "CS"     "ULCS.MSB"     "%RDBMS73%\"                     20480 false        false   false            00         00   00 ""                    ""                    ""                                            
          "CS"     "DBVCS.MSB"    "%RDBMS73%\"                      3584 false        false   false            00         00   00 ""                    ""                    ""                                            
          "D"      "MGRD.MSB"     "%RDBMS73%\"                     45568 false        false   false            00         00   00 ""                    ""                    ""                                            
          "D"      "EXPD.MSB"     "%RDBMS73%\"                      8704 false        false   false            00         00   00 ""                    ""                    ""                                            
          "D"      "IMPD.MSB"     "%RDBMS73%\"                      8704 false        false   false            00         00   00 ""                    ""                    ""                                            
          "D"      "ULD.MSB"      "%RDBMS73%\"                     20992 false        false   false            00         00   00 ""                    ""                    ""                                            
          "D"      "DBVD.MSB"     "%RDBMS73%\"                      3584 false        false   false            00         00   00 ""                    ""                    ""                                            
          "DK"     "MGRDK.MSB"    "%RDBMS73%\"                     41472 false        false   false            00         00   00 ""                    ""                    ""                                            
          "DK"     "EXPDK.MSB"    "%RDBMS73%\"                      8192 false        false   false            00         00   00 ""                    ""                    ""                                            
          "DK"     "IMPDK.MSB"    "%RDBMS73%\"                      8192 false        false   false            00         00   00 ""                    ""                    ""                                            
          "DK"     "ULDK.MSB"     "%RDBMS73%\"                     19968 false        false   false            00         00   00 ""                    ""                    ""                                            
          "DK"     "DBVDK.MSB"    "%RDBMS73%\"                      3072 false        false   false            00         00   00 ""                    ""                    ""                                            
          "E"      "MGRE.MSB"     "%RDBMS73%\"                     47104 false        false   false            00         00   00 ""                    ""                    ""                                            
          "E"      "EXPE.MSB"     "%RDBMS73%\"                      9216 false        false   false            00         00   00 ""                    ""                    ""                                            
          "E"      "IMPE.MSB"     "%RDBMS73%\"                      9728 false        false   false            00         00   00 ""                    ""                    ""                                            
          "E"      "ULE.MSB"      "%RDBMS73%\"                     22528 false        false   false            00         00   00 ""                    ""                    ""                                            
          "E"      "DBVE.MSB"     "%RDBMS73%\"                      3584 false        false   false            00         00   00 ""                    ""                    ""                                            
          "EL"     "MGREL.MSB"    "%RDBMS73%\"                     46592 false        false   false            00         00   00 ""                    ""                    ""                                            
          "EL"     "EXPEL.MSB"    "%RDBMS73%\"                      8704 false        false   false            00         00   00 ""                    ""                    ""                                            
          "EL"     "IMPEL.MSB"    "%RDBMS73%\"                      9216 false        false   false            00         00   00 ""                    ""                    ""                                            
          "EL"     "ULEL.MSB"     "%RDBMS73%\"                     22528 false        false   false            00         00   00 ""                    ""                    ""                                            
          "EL"     "DBVEL.MSB"    "%RDBMS73%\"                      3584 false        false   false            00         00   00 ""                    ""                    ""                                            
          "F"      "MGRF.MSB"     "%RDBMS73%\"                     46592 false        false   false            00         00   00 ""                    ""                    ""                                            
          "F"      "EXPF.MSB"     "%RDBMS73%\"                      8704 false        false   false            00         00   00 ""                    ""                    ""                                            
          "F"      "IMPF.MSB"     "%RDBMS73%\"                      8704 false        false   false            00         00   00 ""                    ""                    ""                                            
          "F"      "ULF.MSB"      "%RDBMS73%\"                     22016 false        false   false            00         00   00 ""                    ""                    ""                                            
          "F"      "DBVF.MSB"     "%RDBMS73%\"                      3584 false        false   false            00         00   00 ""                    ""                    ""                                            
          "HU"     "MGRHU.MSB"    "%RDBMS73%\"                     45568 false        false   false            00         00   00 ""                    ""                    ""                                            
          "HU"     "EXPHU.MSB"    "%RDBMS73%\"                      9216 false        false   false            00         00   00 ""                    ""                    ""                                            
          "HU"     "IMPHU.MSB"    "%RDBMS73%\"                      9216 false        false   false            00         00   00 ""                    ""                    ""                                            
          "HU"     "ULHU.MSB"     "%RDBMS73%\"                     20480 false        false   false            00         00   00 ""                    ""                    ""                                            
          "HU"     "DBVHU.MSB"    "%RDBMS73%\"                      3584 false        false   false            00         00   00 ""                    ""                    ""                                            
          "I"      "MGRI.MSB"     "%RDBMS73%\"                     47104 false        false   false            00         00   00 ""                    ""                    ""                                            
          "I"      "EXPI.MSB"     "%RDBMS73%\"                      8704 false        false   false            00         00   00 ""                    ""                    ""                                            
          "I"      "IMPI.MSB"     "%RDBMS73%\"                      8704 false        false   false            00         00   00 ""                    ""                    ""                                            
          "I"      "ULI.MSB"      "%RDBMS73%\"                     20480 false        false   false            00         00   00 ""                    ""                    ""                                            
          "I"      "DBVI.MSB"     "%RDBMS73%\"                      3584 false        false   false            00         00   00 ""                    ""                    ""                                            
          "JA"     "MGRJA.MSB"    "%RDBMS73%\"                     44032 false        false   false            00         00   00 ""                    ""                    ""                                            
          "JA"     "EXPJA.MSB"    "%RDBMS73%\"                      8704 false        false   false            00         00   00 ""                    ""                    ""                                            
          "JA"     "IMPJA.MSB"    "%RDBMS73%\"                      8704 false        false   false            00         00   00 ""                    ""                    ""                                            
          "JA"     "ULJA.MSB"     "%RDBMS73%\"                     19456 false        false   false            00         00   00 ""                    ""                    ""                                            
          "JA"     "DBVJA.MSB"    "%RDBMS73%\"                      3584 false        false   false            00         00   00 ""                    ""                    ""                                            
          "KO"     "MGRKO.MSB"    "%RDBMS73%\"                     38912 false        false   false            00         00   00 ""                    ""                    ""                                            
          "KO"     "EXPKO.MSB"    "%RDBMS73%\"                      8192 false        false   false            00         00   00 ""                    ""                    ""                                            
          "KO"     "IMPKO.MSB"    "%RDBMS73%\"                      8192 false        false   false            00         00   00 ""                    ""                    ""                                            
          "KO"     "ULKO.MSB"     "%RDBMS73%\"                     17408 false        false   false            00         00   00 ""                    ""                    ""                                            
          "KO"     "DBVKO.MSB"    "%RDBMS73%\"                      3584 false        false   false            00         00   00 ""                    ""                    ""                                            
          "N"      "MGRN.MSB"     "%RDBMS73%\"                     41984 false        false   false            00         00   00 ""                    ""                    ""                                            
          "N"      "EXPN.MSB"     "%RDBMS73%\"                      8192 false        false   false            00         00   00 ""                    ""                    ""                                            
          "N"      "IMPN.MSB"     "%RDBMS73%\"                      8192 false        false   false            00         00   00 ""                    ""                    ""                                            
          "N"      "ULN.MSB"      "%RDBMS73%\"                     19456 false        false   false            00         00   00 ""                    ""                    ""                                            
          "N"      "DBVN.MSB"     "%RDBMS73%\"                      3072 false        false   false            00         00   00 ""                    ""                    ""                                            
          "NL"     "MGRNL.MSB"    "%RDBMS73%\"                     45056 false        false   false            00         00   00 ""                    ""                    ""                                            
          "NL"     "EXPNL.MSB"    "%RDBMS73%\"                      8704 false        false   false            00         00   00 ""                    ""                    ""                                            
          "NL"     "IMPNL.MSB"    "%RDBMS73%\"                      8704 false        false   false            00         00   00 ""                    ""                    ""                                            
          "NL"     "ULNL.MSB"     "%RDBMS73%\"                     20992 false        false   false            00         00   00 ""                    ""                    ""                                            
          "NL"     "DBVNL.MSB"    "%RDBMS73%\"                      3584 false        false   false            00         00   00 ""                    ""                    ""                                            
          "PL"     "MGRPL.MSB"    "%RDBMS73%\"                     43520 false        false   false            00         00   00 ""                    ""                    ""                                            
          "PL"     "EXPPL.MSB"    "%RDBMS73%\"                      8192 false        false   false            00         00   00 ""                    ""                    ""                                            
          "PL"     "IMPPL.MSB"    "%RDBMS73%\"                      8704 false        false   false            00         00   00 ""                    ""                    ""                                            
          "PL"     "ULPL.MSB"     "%RDBMS73%\"                     20992 false        false   false            00         00   00 ""                    ""                    ""                                            
          "PL"     "DBVPL.MSB"    "%RDBMS73%\"                      3584 false        false   false            00         00   00 ""                    ""                    ""                                            
          "PT"     "MGRPT.MSB"    "%RDBMS73%\"                     46080 false        false   false            00         00   00 ""                    ""                    ""                                            
          "PT"     "EXPPT.MSB"    "%RDBMS73%\"                      9216 false        false   false            00         00   00 ""                    ""                    ""                                            
          "PT"     "IMPPT.MSB"    "%RDBMS73%\"                      8704 false        false   false            00         00   00 ""                    ""                    ""                                            
          "PT"     "ULPT.MSB"     "%RDBMS73%\"                     21504 false        false   false            00         00   00 ""                    ""                    ""                                            
          "PT"     "DBVPT.MSB"    "%RDBMS73%\"                      3584 false        false   false            00         00   00 ""                    ""                    ""                                            
          "PTB"    "MGRPTB.MSB"   "%RDBMS73%\"                     45568 false        false   false            00         00   00 ""                    ""                    ""                                            
          "PTB"    "EXPPTB.MSB"   "%RDBMS73%\"                      9216 false        false   false            00         00   00 ""                    ""                    ""                                            
          "PTB"    "IMPPTB.MSB"   "%RDBMS73%\"                      9728 false        false   false            00         00   00 ""                    ""                    ""                                            
          "PTB"    "ULPTB.MSB"    "%RDBMS73%\"                     22016 false        false   false            00         00   00 ""                    ""                    ""                                            
          "PTB"    "DBVPTB.MSB"   "%RDBMS73%\"                      3584 false        false   false            00         00   00 ""                    ""                    ""                                            
          "RU"     "MGRRU.MSB"    "%RDBMS73%\"                     41984 false        false   false            00         00   00 ""                    ""                    ""                                            
          "RU"     "EXPRU.MSB"    "%RDBMS73%\"                      8192 false        false   false            00         00   00 ""                    ""                    ""                                            
          "RU"     "IMPRU.MSB"    "%RDBMS73%\"                      8704 false        false   false            00         00   00 ""                    ""                    ""                                            
          "RU"     "ULRU.MSB"     "%RDBMS73%\"                     20992 false        false   false            00         00   00 ""                    ""                    ""                                            
          "RU"     "DBVRU.MSB"    "%RDBMS73%\"                      3072 false        false   false            00         00   00 ""                    ""                    ""                                            
          "S"      "MGRS.MSB"     "%RDBMS73%\"                     39936 false        false   false            00         00   00 ""                    ""                    ""                                            
          "S"      "EXPS.MSB"     "%RDBMS73%\"                      8192 false        false   false            00         00   00 ""                    ""                    ""                                            
          "S"      "IMPS.MSB"     "%RDBMS73%\"                      8192 false        false   false            00         00   00 ""                    ""                    ""                                            
          "S"      "ULS.MSB"      "%RDBMS73%\"                     19456 false        false   false            00         00   00 ""                    ""                    ""                                            
          "S"      "DBVS.MSB"     "%RDBMS73%\"                      3072 false        false   false            00         00   00 ""                    ""                    ""                                            
          "SF"     "MGRSF.MSB"    "%RDBMS73%\"                     42496 false        false   false            00         00   00 ""                    ""                    ""                                            
          "SF"     "EXPSF.MSB"    "%RDBMS73%\"                      8192 false        false   false            00         00   00 ""                    ""                    ""                                            
          "SF"     "IMPSF.MSB"    "%RDBMS73%\"                      8192 false        false   false            00         00   00 ""                    ""                    ""                                            
          "SF"     "ULSF.MSB"     "%RDBMS73%\"                     19456 false        false   false            00         00   00 ""                    ""                    ""                                            
          "SF"     "DBVSF.MSB"    "%RDBMS73%\"                      3072 false        false   false            00         00   00 ""                    ""                    ""                                            
          "SK"     "MGRSK.MSB"    "%RDBMS73%\"                     42496 false        false   false            00         00   00 ""                    ""                    ""                                            
          "SK"     "EXPSK.MSB"    "%RDBMS73%\"                      8704 false        false   false            00         00   00 ""                    ""                    ""                                            
          "SK"     "IMPSK.MSB"    "%RDBMS73%\"                      8704 false        false   false            00         00   00 ""                    ""                    ""                                            
          "SK"     "ULSK.MSB"     "%RDBMS73%\"                     19968 false        false   false            00         00   00 ""                    ""                    ""                                            
          "SK"     "DBVSK.MSB"    "%RDBMS73%\"                      3584 false        false   false            00         00   00 ""                    ""                    ""                                            
          "TR"     "MGRTR.MSB"    "%RDBMS73%\"                     39424 false        false   false            00         00   00 ""                    ""                    ""                                            
          "TR"     "EXPTR.MSB"    "%RDBMS73%\"                      8192 false        false   false            00         00   00 ""                    ""                    ""                                            
          "TR"     "IMPTR.MSB"    "%RDBMS73%\"                      8704 false        false   false            00         00   00 ""                    ""                    ""                                            
          "TR"     "ULTR.MSB"     "%RDBMS73%\"                     19968 false        false   false            00         00   00 ""                    ""                    ""                                            
          "TR"     "DBVTR.MSB"    "%RDBMS73%\"                      3584 false        false   false            00         00   00 ""                    ""                    ""                                            
          "ZHS"    "MGRZHS.MSB"   "%RDBMS73%\"                     28160 false        false   false            00         00   00 ""                    ""                    ""                                            
          "ZHS"    "EXPZHS.MSB"   "%RDBMS73%\"                      6144 false        false   false            00         00   00 ""                    ""                    ""                                            
          "ZHS"    "IMPZHS.MSB"   "%RDBMS73%\"                      6144 false        false   false            00         00   00 ""                    ""                    ""                                            
          "ZHS"    "ULZHS.MSB"    "%RDBMS73%\"                     14336 false        false   false            00         00   00 ""                    ""                    ""                                            
          "ZHS"    "DBVZHS.MSB"   "%RDBMS73%\"                      3072 false        false   false            00         00   00 ""                    ""                    ""                                            
          "ZHT"    "MGRZHT.MSB"   "%RDBMS73%\"                     30720 false        false   false            00         00   00 ""                    ""                    ""                                            
          "ZHT"    "EXPZHT.MSB"   "%RDBMS73%\"                      6656 false        false   false            00         00   00 ""                    ""                    ""                                            
          "ZHT"    "IMPZHT.MSB"   "%RDBMS73%\"                      6656 false        false   false            00         00   00 ""                    ""                    ""                                            
          "ZHT"    "ULZHT.MSB"    "%RDBMS73%\"                     15872 false        false   false            00         00   00 ""                    ""                    ""                                            
          "ZHT"    "DBVZHT.MSB"   "%RDBMS73%\"                      3072 false        false   false            00         00   00 ""                    ""                    ""                                            

sql       ""       ""             "%RDBMS73%"                         00 false        false   false            00         00   00 ""                    ""                    ""                                            
          ""       ""             "%RDBMS73%\ADMIN"                   00 false        false   false            00         00   00 ""                    ""                    ""                                            
          ""       "SQL.BSQ"      "%RDBMS73%\ADMIN\"               74877 false        false   false            00         00   00 ""                    ""                    ""                                            
          ""       "MIGRATE.BSQ"  "%RDBMS73%\ADMIN\"              163987 false        false   false            00         00   00 ""                    ""                    ""                                            
          ""       "CAT70101.SQL" "%RDBMS73%\ADMIN\"                1130 false        false   false            00         00   00 ""                    ""                    ""                                            
          ""       "CAT70102.SQL" "%RDBMS73%\ADMIN\"                 786 false        false   false            00         00   00 ""                    ""                    ""                                            
          ""       "CAT70103.SQL" "%RDBMS73%\ADMIN\"               50994 false        false   false            00         00   00 ""                    ""                    ""                                            
          ""       "CAT7102D.SQL" "%RDBMS73%\ADMIN\"                1397 false        false   false            00         00   00 ""                    ""                    ""                                            
          ""       "CAT7103.SQL"  "%RDBMS73%\ADMIN\"                9175 false        false   false            00         00   00 ""                    ""                    ""                                            
          ""       "CAT7106.SQL"  "%RDBMS73%\ADMIN\"                5019 false        false   false            00         00   00 ""                    ""                    ""                                            
          ""       "CAT711.SQL"   "%RDBMS73%\ADMIN\"                1205 false        false   false            00         00   00 ""                    ""                    ""                                            
          ""       "CAT712.SQL"   "%RDBMS73%\ADMIN\"                2332 false        false   false            00         00   00 ""                    ""                    ""                                            
          ""       "CAT712D.SQL"  "%RDBMS73%\ADMIN\"                1938 false        false   false            00         00   00 ""                    ""                    ""                                            
          ""       "CAT712PD.SQL" "%RDBMS73%\ADMIN\"                1670 false        false   false            00         00   00 ""                    ""                    ""                                            
          ""       "CAT713.SQL"   "%RDBMS73%\ADMIN\"                2218 false        false   false            00         00   00 ""                    ""                    ""                                            
          ""       "CAT713PR.SQL" "%RDBMS73%\ADMIN\"                1570 false        false   false            00         00   00 ""                    ""                    ""                                            
          ""       "CAT714.SQL"   "%RDBMS73%\ADMIN\"                 957 false        false   false            00         00   00 ""                    ""                    ""                                            
          ""       "CAT715.SQL"   "%RDBMS73%\ADMIN\"               18080 false        false   false            00         00   00 ""                    ""                    ""                                            
          ""       "CAT716.SQL"   "%RDBMS73%\ADMIN\"                 708 false        false   false            00         00   00 ""                    ""                    ""                                            
          ""       "CAT7201.SQL"  "%RDBMS73%\ADMIN\"                1456 false        false   false            00         00   00 ""                    ""                    ""                                            
          ""       "CAT7202.SQL"  "%RDBMS73%\ADMIN\"                 947 false        false   false            00         00   00 ""                    ""                    ""                                            
          ""       "CAT7203.SQL"  "%RDBMS73%\ADMIN\"                1120 false        false   false            00         00   00 ""                    ""                    ""                                            
          ""       "CAT7301.SQL"  "%RDBMS73%\ADMIN\"                7623 false        false   false            00         00   00 ""                    ""                    ""                                            
          ""       "CAT7301D.SQL" "%RDBMS73%\ADMIN\"                9804 false        false   false            00         00   00 ""                    ""                    ""                                            
          ""       "CAT7302.SQL"  "%RDBMS73%\ADMIN\"                 936 false        false   false            00         00   00 ""                    ""                    ""                                            
          ""       "CATALOG.SQL"  "%RDBMS73%\ADMIN\"              238879 false        false   false            00         00   00 ""                    ""                    ""                                            
          ""       "CATALOG.SQL"  "%RDBMS73%\ADMIN\"              238879 false        false   false            00         00   00 ""                    ""                    ""                                            
          ""       "CATALOG5.SQL" "%RDBMS73%\ADMIN\"               52091 false        false   false            00         00   00 ""                    ""                    ""                                            
          ""       "CATALOG6.SQL" "%RDBMS73%\ADMIN\"               51297 false        false   false            00         00   00 ""                    ""                    ""                                            
          ""       "CATAUDIT.SQL" "%RDBMS73%\ADMIN\"               50147 false        false   false            00         00   00 ""                    ""                    ""                                            
          ""       "CATBLOCK.SQL" "%RDBMS73%\ADMIN\"                9996 false        false   false            00         00   00 ""                    ""                    ""                                            
          ""       "CATDBSYN.SQL" "%RDBMS73%\ADMIN\"                5840 false        false   false            00         00   00 ""                    ""                    ""                                            
          ""       "CATDEFER.SQL" "%RDBMS73%\ADMIN\"               14138 false        false   false            00         00   00 ""                    ""                    ""                                            
          ""       "CATDEFRT.SQL" "%RDBMS73%\ADMIN\"               10322 false        false   false            00         00   00 ""                    ""                    ""                                            
          ""       "CATEXP.SQL"   "%RDBMS73%\ADMIN\"               48286 false        false   false            00         00   00 ""                    ""                    ""                                            
          ""       "CATEXP6.SQL"  "%RDBMS73%\ADMIN\"               27037 false        false   false            00         00   00 ""                    ""                    ""                                            
          ""       "CATIO.SQL"    "%RDBMS73%\ADMIN\"                5970 false        false   false            00         00   00 ""                    ""                    ""                                            
          ""       "CATJOBQ.SQL"  "%RDBMS73%\ADMIN\"                7570 false        false   false            00         00   00 ""                    ""                    ""                                            
          ""       "CATLDR.SQL"   "%RDBMS73%\ADMIN\"               10461 false        false   false            00         00   00 ""                    ""                    ""                                            
          ""       "CATNOAUD.SQL" "%RDBMS73%\ADMIN\"                1678 false        false   false            00         00   00 ""                    ""                    ""                                            
          ""       "CATNOPRC.SQL" "%RDBMS73%\ADMIN\"                1924 false        false   false            00         00   00 ""                    ""                    ""                                            
          ""       "CATNOREP.SQL" "%RDBMS73%\ADMIN\"                1373 false        false   false            00         00   00 ""                    ""                    ""                                            
          ""       "CATNOSVM.SQL" "%RDBMS73%\ADMIN\"                1270 false        false   false            00         00   00 ""                    ""                    ""                                            
          ""       "CATPARR.SQL"  "%RDBMS73%\ADMIN\"               15881 false        false   false            00         00   00 ""                    ""                    ""                                            
          ""       "CATPRC.SQL"   "%RDBMS73%\ADMIN\"               43251 false        false   false            00         00   00 ""                    ""                    ""                                            
          ""       "CATPROC.SQL"  "%RDBMS73%\ADMIN\"                2741 false        false   false            00         00   00 ""                    ""                    ""                                            
          ""       "CATREP.SQL"   "%RDBMS73%\ADMIN\"                1785 false        false   false            00         00   00 ""                    ""                    ""                                            
          ""       "CATREPAD.SQL" "%RDBMS73%\ADMIN\"               60505 false        false   false            00         00   00 ""                    ""                    ""                                            
          ""       "CATREPC.SQL"  "%RDBMS73%\ADMIN\"              149144 false        false   false            00         00   00 ""                    ""                    ""                                            
          ""       "CATREPR.SQL"  "%RDBMS73%\ADMIN\"                7174 false        false   false            00         00   00 ""                    ""                    ""                                            
          ""       "CATRPC.SQL"   "%RDBMS73%\ADMIN\"               12174 false        false   false            00         00   00 ""                    ""                    ""                                            
          ""       "CATSNAP.SQL"  "%RDBMS73%\ADMIN\"               25428 false        false   false            00         00   00 ""                    ""                    ""                                            
          ""       "CATSTAT.SQL"  "%RDBMS73%\ADMIN\"                4117 false        false   false            00         00   00 ""                    ""                    ""                                            
          ""       "CATSTATC.SQL" "%RDBMS73%\ADMIN\"                3940 false        false   false            00         00   00 ""                    ""                    ""                                            
          ""       "CATSTATD.SQL" "%RDBMS73%\ADMIN\"                3868 false        false   false            00         00   00 ""                    ""                    ""                                            
          ""       "CATSTATE.SQL" "%RDBMS73%\ADMIN\"                3995 false        false   false            00         00   00 ""                    ""                    ""                                            
          ""       "CATSVRMG.SQL" "%RDBMS73%\ADMIN\"                5198 false        false   false            00         00   00 ""                    ""                    ""                                            
          ""       "CATTRUST.SQL" "%RDBMS73%\ADMIN\"                2633 false        false   false            00         00   00 ""                    ""                    ""                                            
          ""       "CATMD.SQL"    "%RDBMS73%\ADMIN\"                2802 false        false   false            00         00   00 ""                    ""                    ""                                            
          ""       "DBMSALRT.SQL" "%RDBMS73%\ADMIN\"               14547 false        false   false            00         00   00 ""                    ""                    ""                                            
          ""       "DBMSDEFR.SQL" "%RDBMS73%\ADMIN\"               40869 false        false   false            00         00   00 ""                    ""                    ""                                            
          ""       "DBMSDESC.SQL" "%RDBMS73%\ADMIN\"               10589 false        false   false            00         00   00 ""                    ""                    ""                                            
          ""       "DBMSDFRD.SQL" "%RDBMS73%\ADMIN\"                 895 false        false   false            00         00   00 ""                    ""                    ""                                            
          ""       "DBMSGEN.SQL"  "%RDBMS73%\ADMIN\"               13791 false        false   false            00         00   00 ""                    ""                    ""                                            
          ""       "DBMSJOB.SQL"  "%RDBMS73%\ADMIN\"                7778 false        false   false            00         00   00 ""                    ""                    ""                                            
          ""       "DBMSLOCK.SQL" "%RDBMS73%\ADMIN\"               15467 false        false   false            00         00   00 ""                    ""                    ""                                            
          ""       "DBMSOBJG.SQL" "%RDBMS73%\ADMIN\"                 676 false        false   false            00         00   00 ""                    ""                    ""                                            
          ""       "DBMSOFLN.SQL" "%RDBMS73%\ADMIN\"               11781 false        false   false            00         00   00 ""                    ""                    ""                                            
          ""       "DBMSOTPT.SQL" "%RDBMS73%\ADMIN\"                8842 false        false   false            00         00   00 ""                    ""                    ""                                            
          ""       "DBMSPEXP.SQL" "%RDBMS73%\ADMIN\"                4027 false        false   false            00         00   00 ""                    ""                    ""                                            
          ""       "DBMSPIPE.SQL" "%RDBMS73%\ADMIN\"               20406 false        false   false            00         00   00 ""                    ""                    ""                                            
          ""       "DBMSPOOL.SQL" "%RDBMS73%\ADMIN\"                5696 false        false   false            00         00   00 ""                    ""                    ""                                            
          ""       "DBMSRCTF.SQL" "%RDBMS73%\ADMIN\"               20697 false        false   false            00         00   00 ""                    ""                    ""                                            
          ""       "DBMSREPC.SQL" "%RDBMS73%\ADMIN\"              108518 false        false   false            00         00   00 ""                    ""                    ""                                            
          ""       "DBMSSNAP.SQL" "%RDBMS73%\ADMIN\"               11488 false        false   false            00         00   00 ""                    ""                    ""                                            
          ""       "DBMSSQL.SQL"  "%RDBMS73%\ADMIN\"               24568 false        false   false            00         00   00 ""                    ""                    ""                                            
          ""       "DBMSSTDX.SQL" "%RDBMS73%\ADMIN\"                4571 false        false   false            00         00   00 ""                    ""                    ""                                            
          ""       "DBMSSYER.SQL" "%RDBMS73%\ADMIN\"                1058 false        false   false            00         00   00 ""                    ""                    ""                                            
          ""       "DBMSUTIL.SQL" "%RDBMS73%\ADMIN\"               46099 false        false   false            00         00   00 ""                    ""                    ""                                            
          ""       "DBMSMAIL.SQL" "%RDBMS73%\ADMIN\"               11291 false        false   false            00         00   00 ""                    ""                    ""                                            
          ""       "DIUTIL.SQL"   "%RDBMS73%\ADMIN\"               46864 false        false   false            00         00   00 ""                    ""                    ""                                            
          ""       "DROPCAT5.SQL" "%RDBMS73%\ADMIN\"                3124 false        false   false            00         00   00 ""                    ""                    ""                                            
          ""       "DROPCAT6.SQL" "%RDBMS73%\ADMIN\"                2372 false        false   false            00         00   00 ""                    ""                    ""                                            
          ""       "MD.SQL"       "%RDBMS73%\ADMIN\"               35306 false        false   false            00         00   00 ""                    ""                    ""                                            
          ""       "MD3DBA.SQL"   "%RDBMS73%\ADMIN\"                5227 false        false   false            00         00   00 ""                    ""                    ""                                            
          ""       "MD3VIEW.SQL"  "%RDBMS73%\ADMIN\"               13255 false        false   false            00         00   00 ""                    ""                    ""                                            
          ""       "MD_DDL.SQL"   "%RDBMS73%\ADMIN\"               17400 false        false   false            00         00   00 ""                    ""                    ""                                            
          ""       "MD_DML.SQL"   "%RDBMS73%\ADMIN\"                5823 false        false   false            00         00   00 ""                    ""                    ""                                            
          ""       "MD_PART.SQL"  "%RDBMS73%\ADMIN\"                6969 false        false   false            00         00   00 ""                    ""                    ""                                            
          ""       "MD_WEX.SQL"   "%RDBMS73%\ADMIN\"               16010 false        false   false            00         00   00 ""                    ""                    ""                                            
          ""       "MDD.SQL"      "%RDBMS73%\ADMIN\"                2389 false        false   false            00         00   00 ""                    ""                    ""                                            
          ""       "PIDIAN.SQL"   "%RDBMS73%\ADMIN\"               31203 false        false   false            00         00   00 ""                    ""                    ""                                            
          ""       "PIPIDL.SQL"   "%RDBMS73%\ADMIN\"               21204 false        false   false            00         00   00 ""                    ""                    ""                                            
          ""       "PISTUB.SQL"   "%RDBMS73%\ADMIN\"                7767 false        false   false            00         00   00 ""                    ""                    ""                                            
          ""       "PLITBLM.SQL"  "%RDBMS73%\ADMIN\"                2053 false        false   false            00         00   00 ""                    ""                    ""                                            
          ""       "MDVERIFY.PLB" "%RDBMS73%\ADMIN\"               30940 false        false   false            00         00   00 ""                    ""                    ""                                            
          ""       "PRVTALRT.PLB" "%RDBMS73%\ADMIN\"               47275 false        false   false            00         00   00 ""                    ""                    ""                                            
          ""       "PRVTDEFR.PLB" "%RDBMS73%\ADMIN\"              373320 false        false   false            00         00   00 ""                    ""                    ""                                            
          ""       "PRVTDESC.PLB" "%RDBMS73%\ADMIN\"               22161 false        false   false            00         00   00 ""                    ""                    ""                                            
          ""       "PRVTDFRD.PLB" "%RDBMS73%\ADMIN\"                5148 false        false   false            00         00   00 ""                    ""                    ""                                            
          ""       "PRVTFILE.PLB" "%RDBMS73%\ADMIN\"               25828 false        false   false            00         00   00 ""                    ""                    ""                                            
          ""       "PRVTGEN.PLB"  "%RDBMS73%\ADMIN\"             1014594 false        false   false            00         00   00 ""                    ""                    ""                                            
          ""       "PRVTJOB.PLB"  "%RDBMS73%\ADMIN\"               68985 false        false   false            00         00   00 ""                    ""                    ""                                            
          ""       "PRVTLOCK.PLB" "%RDBMS73%\ADMIN\"               29897 false        false   false            00         00   00 ""                    ""                    ""                                            
          ""       "PRVTOBJG.PLB" "%RDBMS73%\ADMIN\"              261276 false        false   false            00         00   00 ""                    ""                    ""                                            
          ""       "PRVTOFLN.PLB" "%RDBMS73%\ADMIN\"              135988 false        false   false            00         00   00 ""                    ""                    ""                                            
          ""       "PRVTOTPT.PLB" "%RDBMS73%\ADMIN\"               18201 false        false   false            00         00   00 ""                    ""                    ""                                            
          ""       "PRVTPB.PLB"   "%RDBMS73%\ADMIN\"              207040 false        false   false            00         00   00 ""                    ""                    ""                                            
          ""       "PRVTPEXP.PLB" "%RDBMS73%\ADMIN\"                9791 false        false   false            00         00   00 ""                    ""                    ""                                            
          ""       "PRVTPGB.PLB"  "%RDBMS73%\ADMIN\"               17245 false        false   false            00         00   00 ""                    ""                    ""                                            
          ""       "PRVTPIPE.PLB" "%RDBMS73%\ADMIN\"               26564 false        false   false            00         00   00 ""                    ""                    ""                                            
          ""       "PRVTPOOL.PLB" "%RDBMS73%\ADMIN\"               18399 false        false   false            00         00   00 ""                    ""                    ""                                            
          ""       "PRVTRAWB.PLB" "%RDBMS73%\ADMIN\"               22527 false        false   false            00         00   00 ""                    ""                    ""                                            
          ""       "PRVTRCTF.PLB" "%RDBMS73%\ADMIN\"              193283 false        false   false            00         00   00 ""                    ""                    ""                                            
          ""       "PRVTREPC.PLB" "%RDBMS73%\ADMIN\"             2409075 false        false   false            00         00   00 ""                    ""                    ""                                            
          ""       "PRVTSNAP.PLB" "%RDBMS73%\ADMIN\"              142700 false        false   false            00         00   00 ""                    ""                    ""                                            
          ""       "PRVTSQL.PLB"  "%RDBMS73%\ADMIN\"              145120 false        false   false            00         00   00 ""                    ""                    ""                                            
          ""       "PRVTSYER.PLB" "%RDBMS73%\ADMIN\"               24609 false        false   false            00         00   00 ""                    ""                    ""                                            
          ""       "PRVTUTIL.PLB" "%RDBMS73%\ADMIN\"               97552 false        false   false            00         00   00 ""                    ""                    ""                                            
          ""       "PRVTBOOT.PLB" "%RDBMS73%\ADMIN\"               63584 false        false   false            00         00   00 ""                    ""                    ""                                            
          ""       "PRVTDDL.PLB"  "%RDBMS73%\ADMIN\"              147381 false        false   false            00         00   00 ""                    ""                    ""                                            
          ""       "PRVTDICT.PLB" "%RDBMS73%\ADMIN\"              101846 false        false   false            00         00   00 ""                    ""                    ""                                            
          ""       "PRVTDML.PLB"  "%RDBMS73%\ADMIN\"               23312 false        false   false            00         00   00 ""                    ""                    ""                                            
          ""       "PRVTERR.PLB"  "%RDBMS73%\ADMIN\"               10364 false        false   false            00         00   00 ""                    ""                    ""                                            
          ""       "PRVTEXEC.PLB" "%RDBMS73%\ADMIN\"              566864 false        false   false            00         00   00 ""                    ""                    ""                                            
          ""       "PRVTLEX.PLB"  "%RDBMS73%\ADMIN\"               43034 false        false   false            00         00   00 ""                    ""                    ""                                            
          ""       "PRVTMD.PLB"   "%RDBMS73%\ADMIN\"              313230 false        false   false            00         00   00 ""                    ""                    ""                                            
          ""       "PRVTMDD.PLB"  "%RDBMS73%\ADMIN\"               23526 false        false   false            00         00   00 ""                    ""                    ""                                            
          ""       "PRVTMDGN.PLB" "%RDBMS73%\ADMIN\"               92641 false        false   false            00         00   00 ""                    ""                    ""                                            
          ""       "PRVTMDLB.PLB" "%RDBMS73%\ADMIN\"               62294 false        false   false            00         00   00 ""                    ""                    ""                                            
          ""       "PRVTPART.PLB" "%RDBMS73%\ADMIN\"               23620 false        false   false            00         00   00 ""                    ""                    ""                                            
          ""       "PRVTTRIG.PLB" "%RDBMS73%\ADMIN\"                6383 false        false   false            00         00   00 ""                    ""                    ""                                            
          ""       "PRVTVBLD.PLB" "%RDBMS73%\ADMIN\"               24736 false        false   false            00         00   00 ""                    ""                    ""                                            
          ""       "PRVTWEX.PLB"  "%RDBMS73%\ADMIN\"              176042 false        false   false            00         00   00 ""                    ""                    ""                                            
          ""       "PRVTWXUT.PLB" "%RDBMS73%\ADMIN\"              389601 false        false   false            00         00   00 ""                    ""                    ""                                            
          ""       "PBLOAD.SQL"   "%RDBMS73%\ADMIN\"                 683 false        false   false            00         00   00 ""                    ""                    ""                                            
          ""       "STANDARD.SQL" "%RDBMS73%\ADMIN\"               57869 false        false   false            00         00   00 ""                    ""                    ""                                            
          ""       "SYNC.SQL"     "%RDBMS73%\ADMIN\"               12561 false        false   false            00         00   00 ""                    ""                    ""                                            
          ""       "USERLOCK.SQL" "%RDBMS73%\ADMIN\"                5675 false        false   false            00         00   00 ""                    ""                    ""                                            
          ""       "UTLBSTAT.SQL" "%RDBMS73%\ADMIN\"                4674 false        false   false            00         00   00 ""                    ""                    ""                                            
          ""       "UTLCHAIN.SQL" "%RDBMS73%\ADMIN\"                 772 false        false   false            00         00   00 ""                    ""                    ""                                            
          ""       "UTLDIDXS.SQL" "%RDBMS73%\ADMIN\"                2245 false        false   false            00         00   00 ""                    ""                    ""                                            
          ""       "UTLDTREE.SQL" "%RDBMS73%\ADMIN\"                4904 false        false   false            00         00   00 ""                    ""                    ""                                            
          ""       "UTLESTAT.SQL" "%RDBMS73%\ADMIN\"               13997 false        false   false            00         00   00 ""                    ""                    ""                                            
          ""       "UTLFILE.SQL"  "%RDBMS73%\ADMIN\"                6671 false        false   false            00         00   00 ""                    ""                    ""                                            
          ""       "UTLLOCKT.SQL" "%RDBMS73%\ADMIN\"                4745 false        false   false            00         00   00 ""                    ""                    ""                                            
          ""       "UTLOIDXS.SQL" "%RDBMS73%\ADMIN\"                9054 false        false   false            00         00   00 ""                    ""                    ""                                            
          ""       "UTLOPCST.SQL" "%RDBMS73%\ADMIN\"                2492 false        false   false            00         00   00 ""                    ""                    ""                                            
          ""       "UTLOPDST.SQL" "%RDBMS73%\ADMIN\"                 534 false        false   false            00         00   00 ""                    ""                    ""                                            
          ""       "UTLOPGET.SQL" "%RDBMS73%\ADMIN\"                2511 false        false   false            00         00   00 ""                    ""                    ""                                            
          ""       "UTLOPSET.SQL" "%RDBMS73%\ADMIN\"                3870 false        false   false            00         00   00 ""                    ""                    ""                                            
          ""       "UTLRAW.SQL"   "%RDBMS73%\ADMIN\"               25841 false        false   false            00         00   00 ""                    ""                    ""                                            
          ""       "UTLSAMPL.SQL" "%RDBMS73%\ADMIN\"                4109 false        false   false            00         00   00 ""                    ""                    ""                                            
          ""       "UTLSCLN.SQL"  "%RDBMS73%\ADMIN\"                4792 false        false   false            00         00   00 ""                    ""                    ""                                            
          ""       "UTLSIDXS.SQL" "%RDBMS73%\ADMIN\"                2012 false        false   false            00         00   00 ""                    ""                    ""                                            
          ""       "UTLTKPRF.SQL" "%RDBMS73%\ADMIN\"                1084 false        false   false            00         00   00 ""                    ""                    ""                                            
          ""       "UTLXPLAN.SQL" "%RDBMS73%\ADMIN\"                1416 false        false   false            00         00   00 ""                    ""                    ""                                            
          ""       "UTLEXCPT.SQL" "%RDBMS73%\ADMIN\"                 726 false        false   false            00         00   00 ""                    ""                    ""                                            
          ""       "UTLEXP6.SQL"  "%RDBMS73%\ADMIN\"                2670 false        false   false            00         00   00 ""                    ""                    ""                                            
          ""       "UTLMAIL.SQL"  "%RDBMS73%\ADMIN\"                6576 false        false   false            00         00   00 ""                    ""                    ""                                            
          ""       "UTLMONTR.SQL" "%RDBMS73%\ADMIN\"                6576 false        false   false            00         00   00 ""                    ""                    ""                                            
          ""       "XAVIEW.SQL"   "%RDBMS73%\ADMIN\"                1780 false        false   false            00         00   00 ""                    ""                    ""                                            

demo      ""       ""             "%PLSQL23%"                         00 false        false   false            00         00   00 ""                    ""                    ""                                            
          ""       ""             "%RDBMS73%"                         00 false        false   false            00         00   00 ""                    ""                    ""                                            
          ""       ""             "%RDBMS73%\LOADER"                  00 false        false   false            00         00   00 ""                    ""                    ""                                            
          ""       "CALLDEMO.SQL" "%PLSQL23%\"                      2798 false        false   false            00         00   00 ""                    ""                    ""                                            
          ""       "EXAMP1.SQL"   "%PLSQL23%\"                      1232 false        false   false            00         00   00 ""                    ""                    ""                                            
          ""       "EXAMP10.PC"   "%PLSQL23%\"                      4721 false        false   false            00         00   00 ""                    ""                    ""                                            
          ""       "EXAMP11.SQL"  "%PLSQL23%\"                      1473 false        false   false            00         00   00 ""                    ""                    ""                                            
          ""       "EXAMP12.SQL"  "%PLSQL23%\"                      1444 false        false   false            00         00   00 ""                    ""                    ""                                            
          ""       "EXAMP13.SQL"  "%PLSQL23%\"                      1394 false        false   false            00         00   00 ""                    ""                    ""                                            
          ""       "EXAMP14.SQL"  "%PLSQL23%\"                      1047 false        false   false            00         00   00 ""                    ""                    ""                                            
          ""       "EXAMP2.SQL"   "%PLSQL23%\"                      1244 false        false   false            00         00   00 ""                    ""                    ""                                            
          ""       "EXAMP3.SQL"   "%PLSQL23%\"                      1150 false        false   false            00         00   00 ""                    ""                    ""                                            
          ""       "EXAMP4.SQL"   "%PLSQL23%\"                      1249 false        false   false            00         00   00 ""                    ""                    ""                                            
          ""       "EXAMP5.SQL"   "%PLSQL23%\"                      1356 false        false   false            00         00   00 ""                    ""                    ""                                            
          ""       "EXAMP6.SQL"   "%PLSQL23%\"                      1931 false        false   false            00         00   00 ""                    ""                    ""                                            
          ""       "EXAMP7.SQL"   "%PLSQL23%\"                      1007 false        false   false            00         00   00 ""                    ""                    ""                                            
          ""       "EXAMP8.SQL"   "%PLSQL23%\"                      1649 false        false   false            00         00   00 ""                    ""                    ""                                            
          ""       "EXAMP9.PC"    "%PLSQL23%\"                      4821 false        false   false            00         00   00 ""                    ""                    ""                                            
          ""       "EXAMPBLD.SQL" "%PLSQL23%\"                      4137 false        false   false            00         00   00 ""                    ""                    ""                                            
          ""       "EXAMPLOD.SQL" "%PLSQL23%\"                      4230 false        false   false            00         00   00 ""                    ""                    ""                                            
          ""       "SAMPLE1.SQL"  "%PLSQL23%\"                      1048 false        false   false            00         00   00 ""                    ""                    ""                                            
          ""       "SAMPLE2.SQL"  "%PLSQL23%\"                      1136 false        false   false            00         00   00 ""                    ""                    ""                                            
          ""       "SAMPLE3.SQL"  "%PLSQL23%\"                      1369 false        false   false            00         00   00 ""                    ""                    ""                                            
          ""       "SAMPLE4.SQL"  "%PLSQL23%\"                      3722 false        false   false            00         00   00 ""                    ""                    ""                                            
          ""       "SAMPLE5.PC"   "%PLSQL23%\"                      4437 false        false   false            00         00   00 ""                    ""                    ""                                            
          ""       "SAMPLE6.PC"   "%PLSQL23%\"                      3584 false        false   false            00         00   00 ""                    ""                    ""                                            
          ""       "ULCASE1.CTL"  "%RDBMS73%\LOADER\"                718 false        false   false            00         00   00 ""                    ""                    ""                                            
          ""       "ULCASE2.CTL"  "%RDBMS73%\LOADER\"               1003 false        false   false            00         00   00 ""                    ""                    ""                                            
          ""       "ULCASE2.DAT"  "%RDBMS73%\LOADER\"                378 false        false   false            00         00   00 ""                    ""                    ""                                            
          ""       "ULCASE3.CTL"  "%RDBMS73%\LOADER\"               1236 false        false   false            00         00   00 ""                    ""                    ""                                            
          ""       "ULCASE4.CTL"  "%RDBMS73%\LOADER\"                958 false        false   false            00         00   00 ""                    ""                    ""                                            
          ""       "ULCASE4.DAT"  "%RDBMS73%\LOADER\"                594 false        false   false            00         00   00 ""                    ""                    ""                                            
          ""       "ULCASE5.CTL"  "%RDBMS73%\LOADER\"               1560 false        false   false            00         00   00 ""                    ""                    ""                                            
          ""       "ULCASE5.DAT"  "%RDBMS73%\LOADER\"                430 false        false   false            00         00   00 ""                    ""                    ""                                            
          ""       "ULCASE6.CTL"  "%RDBMS73%\LOADER\"                877 false        false   false            00         00   00 ""                    ""                    ""                                            
          ""       "ULCASE6.DAT"  "%RDBMS73%\LOADER\"                378 false        false   false            00         00   00 ""                    ""                    ""                                            
          ""       "ULCASE7.CTL"  "%RDBMS73%\LOADER\"               1344 false        false   false            00         00   00 ""                    ""                    ""                                            
          ""       "ULCASE7.DAT"  "%RDBMS73%\LOADER\"                574 false        false   false            00         00   00 ""                    ""                    ""                                            
          ""       "ULCASE1.SQL"  "%RDBMS73%\LOADER\"                991 false        false   false            00         00   00 ""                    ""                    ""                                            
          ""       "ULCASE3.SQL"  "%RDBMS73%\LOADER\"                728 false        false   false            00         00   00 ""                    ""                    ""                                            
          ""       "ULCASE4.SQL"  "%RDBMS73%\LOADER\"                567 false        false   false            00         00   00 ""                    ""                    ""                                            
          ""       "ULCASE5.SQL"  "%RDBMS73%\LOADER\"                739 false        false   false            00         00   00 ""                    ""                    ""                                            
          ""       "ULCASE6.SQL"  "%RDBMS73%\LOADER\"               1089 false        false   false            00         00   00 ""                    ""                    ""                                            
          ""       "ULCASE7E.SQL" "%RDBMS73%\LOADER\"                802 false        false   false            00         00   00 ""                    ""                    ""                                            
          ""       "ULCASE7S.SQL" "%RDBMS73%\LOADER\"               2035 false        false   false            00         00   00 ""                    ""                    ""                                            

stub      ""       "STUB73.EXE"   "%ORACLE_HOME%\BIN\EXP.EXE"      31232 false        false   false            00         00   00 ""                    ""                    ""                                            
          ""       "STUB73.EXE"   "%ORACLE_HOME%\BIN\IMP.EXE"      31232 false        false   false            00         00   00 ""                    ""                    ""                                            
          ""       "STUB73.EXE"   "%ORACLE_HOME%\BIN\SQLLDR.EXE"   31232 false        false   false            00         00   00 ""                    ""                    ""                                            
          ""       "STUB73.EXE"   "%ORACLE_HOME%\BIN\OCOPY.EXE"    31232 false        false   false            00         00   00 ""                    ""                    ""                                            
          ""       "STUB73.EXE"   "%ORACLE_HOME%\BIN\TKPROF.EXE"   31232 false        false   false            00         00   00 ""                    ""                    ""                                            
          ""       "STUB73.EXE"   "%ORACLE_HOME%\BIN\DBVERF.EXE"   31232 false        false   false            00         00   00 ""                    ""                    ""                                            

smgr      ""       "STUB23.EXE"   "%ORACLE_HOME%\BIN\SVRMGR.EXE"   31232 false        false   false            00         00   00 ""                    ""                    ""                                            

