#Name     Subgroup Source         Destination                   Size   Instantiate? Append? Compress? StartDisk TotalDisks Icon Group Item Command

nocopy    ""       "RSF73.INS"    "%INSTALLER_HOME%\"             9776 false        false   false            00         00   00 ""    ""   ""     
          ""       "RSF73.VRF"    "%INSTALLER_HOME%\"             8627 false        false   false            00         00   00 ""    ""   ""     

deinstl   ""       "RSF73.DEI"    "%INSTALLER_HOME%\"             8880 false        false   false            00         00   00 ""    ""   ""     
          ""       "RSF73.MAP"    "%INSTALLER_HOME%\"            90752 false        false   false            00         00   00 ""    ""   ""     

deinstl70 ""       "RSF70.DEI"    "%INSTALLER_HOME%\"             6320 false        false   false            00         00   00 ""    ""   ""     

deinstl71 ""       "RSF71.DEI"    "%INSTALLER_HOME%\"             5846 false        false   false            00         00   00 ""    ""   ""     

msvcdll   ""       "MSVCRT40.DLL" "%WINSYS%\MSVCRT40.NEW"       326656 false        false   false            00         00   00 ""    ""   ""     
          ""       "MSVCRT20.DLL" "%WINSYS%\MSVCRT20.NEW"       253952 false        false   false            00         00   00 ""    ""   ""     
          ""       "MSVCRT2X.DLL" "%WINSYS%\MSVCRT2X.NEW"       254464 false        false   false            00         00   00 ""    ""   ""     
          ""       "MSVCRT.DLL"   "%WINSYS%\MSVCRT.NEW"         266240 false        false   false            00         00   00 ""    ""   ""     
          ""       "MSVCIRT.DLL"  "%WINSYS%\MSVCIRT.NEW"         74752 false        false   false            00         00   00 ""    ""   ""     

mfcdll    ""       "MFC40.DLL"    "%WINSYS%\MFC40.NEW"          921872 false        false   false            00         00   00 ""    ""   ""     

oledll    ""       "OLEPRO32.DLL" "%WINSYS%\OLEPRO32.NEW"        74000 false        false   false            00         00   00 ""    ""   ""     

commdll   ""       "OCIW32.DLL"   "%ORACLE_HOME%\BIN\"           34816 false        false   false            00         00   00 ""    ""   ""     

dll       ""       ""             "%ORACLE_HOME%\BIN"               00 false        false   false            00         00   00 ""    ""   ""     
          ""       "CORE35.DLL"   "%ORACLE_HOME%\BIN\"          168960 false        false   false            00         00   00 ""    ""   ""     
          ""       "CORE35O.DLL"  "%ORACLE_HOME%\BIN\"          135680 false        false   false            00         00   00 ""    ""   ""     
          ""       "KG73.DLL"     "%ORACLE_HOME%\BIN\"          292864 false        false   false            00         00   00 ""    ""   ""     
          ""       "ORA73.DLL"    "%ORACLE_HOME%\BIN\"          339456 false        false   false            00         00   00 ""    ""   ""     
          ""       "PLS23.DLL"    "%ORACLE_HOME%\BIN\"          790016 false        false   false            00         00   00 ""    ""   ""     
          ""       "PSTD23.DLL"   "%ORACLE_HOME%\BIN\"          247808 false        false   false            00         00   00 ""    ""   ""     
          ""       "NLSRTL32.DLL" "%ORACLE_HOME%\BIN\"          280576 false        false   false            00         00   00 ""    ""   ""     
          ""       "SDO73.DLL"    "%ORACLE_HOME%\BIN\"           83968 false        false   false            00         00   00 ""    ""   ""     
          ""       "SQLLIB18.DLL" "%ORACLE_HOME%\BIN\"           79872 false        false   false            00         00   00 ""    ""   ""     
          ""       "WRAP23.EXE"   "%ORACLE_HOME%\BIN\"          303616 false        false   false            00         00   00 ""    ""   ""     

msg       ""       ""             "%PLSQL23%"                       00 false        false   false            00         00   00 ""    ""   ""     
          ""       ""             "%RDBMS73%"                       00 false        false   false            00         00   00 ""    ""   ""     
          ""       ""             "%PRO18%"                         00 false        false   false            00         00   00 ""    ""   ""     
          ""       ""             "%ORACLE_HOME%\DBS\"              00 false        false   false            00         00   00 ""    ""   ""     
          ""       "PCMUS.MSB"    "%PLSQL23%\"                   20480 false        false   false            00         00   00 ""    ""   ""     
          ""       "PLSUS.MSB"    "%PLSQL23%\"                   13824 false        false   false            00         00   00 ""    ""   ""     
          ""       "PXUS.MSB"     "%PLSQL23%\"                    2560 false        false   false            00         00   00 ""    ""   ""     
          ""       "LCDUS.MSB"    "%RDBMS73%\"                    3072 false        false   false            00         00   00 ""    ""   ""     
          ""       "ORAUS.MSB"    "%RDBMS73%\"                  201728 false        false   false            00         00   00 ""    ""   ""     
          ""       "SOSDUS.MSB"   "%RDBMS73%\"                   12800 false        false   false            00         00   00 ""    ""   ""     
          ""       "SQLUS.MSB"    "%PRO18%\"                      4096 false        false   false            00         00   00 ""    ""   ""     
          ""       "LEMUS.MSB"    "%ORACLE_HOME%\DBS\"            2048 false        false   false            00         00   00 ""    ""   ""     
          ""       "LFIUS.MSB"    "%ORACLE_HOME%\DBS\"            4096 false        false   false            00         00   00 ""    ""   ""     
          ""       "LMMUS.MSB"    "%ORACLE_HOME%\DBS\"            2560 false        false   false            00         00   00 ""    ""   ""     
          ""       "LPMUS.MSB"    "%ORACLE_HOME%\DBS\"            3584 false        false   false            00         00   00 ""    ""   ""     
          ""       "LXBUS.MSB"    "%ORACLE_HOME%\DBS\"            4096 false        false   false            00         00   00 ""    ""   ""     
          ""       "LXEUS.MSB"    "%ORACLE_HOME%\DBS\"            2560 false        false   false            00         00   00 ""    ""   ""     
          ""       "LXIUS.MSB"    "%ORACLE_HOME%\DBS\"            3584 false        false   false            00         00   00 ""    ""   ""     
          "AR"     "PCMAR.MSB"    "%PLSQL23%\"                   17920 false        false   false            00         00   00 ""    ""   ""     
          "AR"     "PLSAR.MSB"    "%PLSQL23%\"                   13824 false        false   false            00         00   00 ""    ""   ""     
          "AR"     "PXAR.MSB"     "%PLSQL23%\"                    2560 false        false   false            00         00   00 ""    ""   ""     
          "AR"     "LCDAR.MSB"    "%RDBMS73%\"                    3072 false        false   false            00         00   00 ""    ""   ""     
          "AR"     "ORAAR.MSB"    "%RDBMS73%\"                  195584 false        false   false            00         00   00 ""    ""   ""     
          "AR"     "SQLAR.MSB"    "%PRO18%\"                      4096 false        false   false            00         00   00 ""    ""   ""     
          "CS"     "PCMCA.MSB"    "%PLSQL23%\"                   23040 false        false   false            00         00   00 ""    ""   ""     
          "CS"     "PLSCA.MSB"    "%PLSQL23%\"                   14336 false        false   false            00         00   00 ""    ""   ""     
          "CS"     "PXCA.MSB"     "%PLSQL23%\"                    2560 false        false   false            00         00   00 ""    ""   ""     
          "CS"     "LCDCA.MSB"    "%RDBMS73%\"                    3072 false        false   false            00         00   00 ""    ""   ""     
          "CS"     "ORACA.MSB"    "%RDBMS73%\"                  243712 false        false   false            00         00   00 ""    ""   ""     
          "CS"     "SQLCA.MSB"    "%PRO18%\"                      4096 false        false   false            00         00   00 ""    ""   ""     
          "CS"     "PCMCS.MSB"    "%PLSQL23%\"                   20480 false        false   false            00         00   00 ""    ""   ""     
          "CS"     "PLSCS.MSB"    "%PLSQL23%\"                   13312 false        false   false            00         00   00 ""    ""   ""     
          "CS"     "PXCS.MSB"     "%PLSQL23%\"                    2560 false        false   false            00         00   00 ""    ""   ""     
          "CS"     "LCDCS.MSB"    "%RDBMS73%\"                    3072 false        false   false            00         00   00 ""    ""   ""     
          "CS"     "ORACS.MSB"    "%RDBMS73%\"                  217088 false        false   false            00         00   00 ""    ""   ""     
          "CS"     "SOSDCS.MSB"   "%RDBMS73%\"                   13312 false        false   false            00         00   00 ""    ""   ""     
          "CS"     "SQLCS.MSB"    "%PRO18%\"                      4096 false        false   false            00         00   00 ""    ""   ""     
          "D"      "PCMD.MSB"     "%PLSQL23%\"                   22528 false        false   false            00         00   00 ""    ""   ""     
          "D"      "PLSD.MSB"     "%PLSQL23%\"                   13824 false        false   false            00         00   00 ""    ""   ""     
          "D"      "PXD.MSB"      "%PLSQL23%\"                    2560 false        false   false            00         00   00 ""    ""   ""     
          "D"      "LCDD.MSB"     "%RDBMS73%\"                    3072 false        false   false            00         00   00 ""    ""   ""     
          "D"      "ORAD.MSB"     "%RDBMS73%\"                  237568 false        false   false            00         00   00 ""    ""   ""     
          "D"      "SOSDD.MSB"    "%RDBMS73%\"                   15360 false        false   false            00         00   00 ""    ""   ""     
          "D"      "SQLD.MSB"     "%PRO18%\"                      4608 false        false   false            00         00   00 ""    ""   ""     
          "DK"     "PCMDK.MSB"    "%PLSQL23%\"                   20992 false        false   false            00         00   00 ""    ""   ""     
          "DK"     "PLSDK.MSB"    "%PLSQL23%\"                   13824 false        false   false            00         00   00 ""    ""   ""     
          "DK"     "PXDK.MSB"     "%PLSQL23%\"                    2560 false        false   false            00         00   00 ""    ""   ""     
          "DK"     "LCDDK.MSB"    "%RDBMS73%\"                    3072 false        false   false            00         00   00 ""    ""   ""     
          "DK"     "ORADK.MSB"    "%RDBMS73%\"                  216064 false        false   false            00         00   00 ""    ""   ""     
          "DK"     "SOSDDK.MSB"   "%RDBMS73%\"                   12800 false        false   false            00         00   00 ""    ""   ""     
          "DK"     "SQLDK.MSB"    "%PRO18%\"                      4096 false        false   false            00         00   00 ""    ""   ""     
          "E"      "PCME.MSB"     "%PLSQL23%\"                   23040 false        false   false            00         00   00 ""    ""   ""     
          "E"      "PLSE.MSB"     "%PLSQL23%\"                   15360 false        false   false            00         00   00 ""    ""   ""     
          "E"      "PXE.MSB"      "%PLSQL23%\"                    2560 false        false   false            00         00   00 ""    ""   ""     
          "E"      "LCDE.MSB"     "%RDBMS73%\"                    3072 false        false   false            00         00   00 ""    ""   ""     
          "E"      "ORAE.MSB"     "%RDBMS73%\"                  246272 false        false   false            00         00   00 ""    ""   ""     
          "E"      "SOSDE.MSB"    "%RDBMS73%\"                   15872 false        false   false            00         00   00 ""    ""   ""     
          "E"      "SQLE.MSB"     "%PRO18%\"                      4608 false        false   false            00         00   00 ""    ""   ""     
          "EL"     "PCMEL.MSB"    "%PLSQL23%\"                   23040 false        false   false            00         00   00 ""    ""   ""     
          "EL"     "PLSEL.MSB"    "%PLSQL23%\"                   14848 false        false   false            00         00   00 ""    ""   ""     
          "EL"     "PXEL.MSB"     "%PLSQL23%\"                    2560 false        false   false            00         00   00 ""    ""   ""     
          "EL"     "LCDEL.MSB"    "%RDBMS73%\"                    3072 false        false   false            00         00   00 ""    ""   ""     
          "EL"     "ORAEL.MSB"    "%RDBMS73%\"                  240128 false        false   false            00         00   00 ""    ""   ""     
          "EL"     "SOSDEL.MSB"   "%RDBMS73%\"                   14848 false        false   false            00         00   00 ""    ""   ""     
          "EL"     "SQLEL.MSB"    "%PRO18%\"                      4608 false        false   false            00         00   00 ""    ""   ""     
          "F"      "PCMF.MSB"     "%PLSQL23%\"                   22528 false        false   false            00         00   00 ""    ""   ""     
          "F"      "PLSF.MSB"     "%PLSQL23%\"                   14848 false        false   false            00         00   00 ""    ""   ""     
          "F"      "PXF.MSB"      "%PLSQL23%\"                    2560 false        false   false            00         00   00 ""    ""   ""     
          "F"      "LCDF.MSB"     "%RDBMS73%\"                    3072 false        false   false            00         00   00 ""    ""   ""     
          "F"      "ORAF.MSB"     "%RDBMS73%\"                  243712 false        false   false            00         00   00 ""    ""   ""     
          "F"      "SOSDF.MSB"    "%RDBMS73%\"                   14848 false        false   false            00         00   00 ""    ""   ""     
          "F"      "SQLF.MSB"     "%PRO18%\"                      4608 false        false   false            00         00   00 ""    ""   ""     
          "HU"     "PCMHU.MSB"    "%PLSQL23%\"                   22016 false        false   false            00         00   00 ""    ""   ""     
          "HU"     "PLSHU.MSB"    "%PLSQL23%\"                   14848 false        false   false            00         00   00 ""    ""   ""     
          "HU"     "PXHU.MSB"     "%PLSQL23%\"                    2560 false        false   false            00         00   00 ""    ""   ""     
          "HU"     "LCDHU.MSB"    "%RDBMS73%\"                    3072 false        false   false            00         00   00 ""    ""   ""     
          "HU"     "ORAHU.MSB"    "%RDBMS73%\"                  241664 false        false   false            00         00   00 ""    ""   ""     
          "HU"     "SOSDHU.MSB"   "%RDBMS73%\"                   14336 false        false   false            00         00   00 ""    ""   ""     
          "HU"     "SQLHU.MSB"    "%PRO18%\"                      4096 false        false   false            00         00   00 ""    ""   ""     
          "I"      "PCMI.MSB"     "%PLSQL23%\"                   22528 false        false   false            00         00   00 ""    ""   ""     
          "I"      "PLSI.MSB"     "%PLSQL23%\"                   15360 false        false   false            00         00   00 ""    ""   ""     
          "I"      "PXI.MSB"      "%PLSQL23%\"                    2560 false        false   false            00         00   00 ""    ""   ""     
          "I"      "LCDI.MSB"     "%RDBMS73%\"                    3072 false        false   false            00         00   00 ""    ""   ""     
          "I"      "ORAI.MSB"     "%RDBMS73%\"                  243200 false        false   false            00         00   00 ""    ""   ""     
          "I"      "SOSDI.MSB"    "%RDBMS73%\"                   14848 false        false   false            00         00   00 ""    ""   ""     
          "I"      "SQLI.MSB"     "%PRO18%\"                      4608 false        false   false            00         00   00 ""    ""   ""     
          "JA"     "PLSJA.MSB"    "%PLSQL23%\"                   11776 false        false   false            00         00   00 ""    ""   ""     
          "JA"     "PCMJA.MSB"    "%PLSQL23%\"                   18432 false        false   false            00         00   00 ""    ""   ""     
          "JA"     "PXJA.MSB"     "%PLSQL23%\"                    2560 false        false   false            00         00   00 ""    ""   ""     
          "JA"     "LCDJA.MSB"    "%RDBMS73%\"                    3072 false        false   false            00         00   00 ""    ""   ""     
          "JA"     "ORAJA.MSB"    "%RDBMS73%\"                  231424 false        false   false            00         00   00 ""    ""   ""     
          "JA"     "SOSDJA.MSB"   "%RDBMS73%\"                   14336 false        false   false            00         00   00 ""    ""   ""     
          "JA"     "SQLJA.MSB"    "%PRO18%\"                      4096 false        false   false            00         00   00 ""    ""   ""     
          "KO"     "PCMKO.MSB"    "%PLSQL23%\"                   18432 false        false   false            00         00   00 ""    ""   ""     
          "KO"     "PLSKO.MSB"    "%PLSQL23%\"                   11264 false        false   false            00         00   00 ""    ""   ""     
          "KO"     "PXKO.MSB"     "%PLSQL23%\"                    2560 false        false   false            00         00   00 ""    ""   ""     
          "KO"     "LCDKO.MSB"    "%RDBMS73%\"                    3072 false        false   false            00         00   00 ""    ""   ""     
          "KO"     "ORAKO.MSB"    "%RDBMS73%\"                  206336 false        false   false            00         00   00 ""    ""   ""     
          "KO"     "SOSDKO.MSB"   "%RDBMS73%\"                   13312 false        false   false            00         00   00 ""    ""   ""     
          "KO"     "SQLKO.MSB"    "%PRO18%\"                      4096 false        false   false            00         00   00 ""    ""   ""     
          "N"      "PCMN.MSB"     "%PLSQL23%\"                   20480 false        false   false            00         00   00 ""    ""   ""     
          "N"      "PLSN.MSB"     "%PLSQL23%\"                   13824 false        false   false            00         00   00 ""    ""   ""     
          "N"      "PXN.MSB"      "%PLSQL23%\"                    2560 false        false   false            00         00   00 ""    ""   ""     
          "N"      "LCDN.MSB"     "%RDBMS73%\"                    3072 false        false   false            00         00   00 ""    ""   ""     
          "N"      "ORAN.MSB"     "%RDBMS73%\"                  213504 false        false   false            00         00   00 ""    ""   ""     
          "N"      "SOSDN.MSB"    "%RDBMS73%\"                   12800 false        false   false            00         00   00 ""    ""   ""     
          "N"      "SQLN.MSB"     "%PRO18%\"                      4096 false        false   false            00         00   00 ""    ""   ""     
          "NL"     "PCMNL.MSB"    "%PLSQL23%\"                   23552 false        false   false            00         00   00 ""    ""   ""     
          "NL"     "PLSNL.MSB"    "%PLSQL23%\"                   14848 false        false   false            00         00   00 ""    ""   ""     
          "NL"     "PXNL.MSB"     "%PLSQL23%\"                    2560 false        false   false            00         00   00 ""    ""   ""     
          "NL"     "LCDNL.MSB"    "%RDBMS73%\"                    3072 false        false   false            00         00   00 ""    ""   ""     
          "NL"     "ORANL.MSB"    "%RDBMS73%\"                  231936 false        false   false            00         00   00 ""    ""   ""     
          "NL"     "SOSDNL.MSB"   "%RDBMS73%\"                   14336 false        false   false            00         00   00 ""    ""   ""     
          "NL"     "SQLNL.MSB"    "%PRO18%\"                      4608 false        false   false            00         00   00 ""    ""   ""     
          "PL"     "PCMPL.MSB"    "%PLSQL23%\"                   21504 false        false   false            00         00   00 ""    ""   ""     
          "PL"     "PLSPL.MSB"    "%PLSQL23%\"                   13824 false        false   false            00         00   00 ""    ""   ""     
          "PL"     "PXPL.MSB"     "%PLSQL23%\"                    2560 false        false   false            00         00   00 ""    ""   ""     
          "PL"     "LCDPL.MSB"    "%RDBMS73%\"                    3072 false        false   false            00         00   00 ""    ""   ""     
          "PL"     "ORAPL.MSB"    "%RDBMS73%\"                  231424 false        false   false            00         00   00 ""    ""   ""     
          "PL"     "SOSDPL.MSB"   "%RDBMS73%\"                   13824 false        false   false            00         00   00 ""    ""   ""     
          "PL"     "SQLPL.MSB"    "%PRO18%\"                      4608 false        false   false            00         00   00 ""    ""   ""     
          "PT"     "PCMPT.MSB"    "%PLSQL23%\"                   22528 false        false   false            00         00   00 ""    ""   ""     
          "PT"     "PLSPT.MSB"    "%PLSQL23%\"                   15360 false        false   false            00         00   00 ""    ""   ""     
          "PT"     "PXPT.MSB"     "%PLSQL23%\"                    2560 false        false   false            00         00   00 ""    ""   ""     
          "PT"     "LCDPT.MSB"    "%RDBMS73%\"                    3072 false        false   false            00         00   00 ""    ""   ""     
          "PT"     "ORAPT.MSB"    "%RDBMS73%\"                  236544 false        false   false            00         00   00 ""    ""   ""     
          "PT"     "SOSDPT.MSB"   "%RDBMS73%\"                   14848 false        false   false            00         00   00 ""    ""   ""     
          "PT"     "SQLPT.MSB"    "%PRO18%\"                      4096 false        false   false            00         00   00 ""    ""   ""     
          "PTB"    "PCMPTB.MSB"   "%PLSQL23%\"                   22528 false        false   false            00         00   00 ""    ""   ""     
          "PTB"    "PLSPTB.MSB"   "%PLSQL23%\"                   14848 false        false   false            00         00   00 ""    ""   ""     
          "PTB"    "PXPTB.MSB"    "%PLSQL23%\"                    2560 false        false   false            00         00   00 ""    ""   ""     
          "PTB"    "LCDPTB.MSB"   "%RDBMS73%\"                    3072 false        false   false            00         00   00 ""    ""   ""     
          "PTB"    "ORAPTB.MSB"   "%RDBMS73%\"                  241152 false        false   false            00         00   00 ""    ""   ""     
          "PTB"    "SOSDPTB.MSB"  "%RDBMS73%\"                   15360 false        false   false            00         00   00 ""    ""   ""     
          "PTB"    "SQLPTB.MSB"   "%PRO18%\"                      4608 false        false   false            00         00   00 ""    ""   ""     
          "RU"     "PCMRU.MSB"    "%PLSQL23%\"                   22016 false        false   false            00         00   00 ""    ""   ""     
          "RU"     "PLSRU.MSB"    "%PLSQL23%\"                   13824 false        false   false            00         00   00 ""    ""   ""     
          "RU"     "PXRU.MSB"     "%PLSQL23%\"                    2560 false        false   false            00         00   00 ""    ""   ""     
          "RU"     "LCDRU.MSB"    "%RDBMS73%\"                    3072 false        false   false            00         00   00 ""    ""   ""     
          "RU"     "ORARU.MSB"    "%RDBMS73%\"                  224768 false        false   false            00         00   00 ""    ""   ""     
          "RU"     "SOSDRU.MSB"   "%RDBMS73%\"                   13824 false        false   false            00         00   00 ""    ""   ""     
          "RU"     "SQLRU.MSB"    "%PRO18%\"                      4096 false        false   false            00         00   00 ""    ""   ""     
          "S"      "PCMS.MSB"     "%PLSQL23%\"                   20480 false        false   false            00         00   00 ""    ""   ""     
          "S"      "PLSS.MSB"     "%PLSQL23%\"                   13824 false        false   false            00         00   00 ""    ""   ""     
          "S"      "PXS.MSB"      "%PLSQL23%\"                    2560 false        false   false            00         00   00 ""    ""   ""     
          "S"      "LCDS.MSB"     "%RDBMS73%\"                    3072 false        false   false            00         00   00 ""    ""   ""     
          "S"      "ORAS.MSB"     "%RDBMS73%\"                  209408 false        false   false            00         00   00 ""    ""   ""     
          "S"      "SOSDS.MSB"    "%RDBMS73%\"                   12800 false        false   false            00         00   00 ""    ""   ""     
          "S"      "SQLS.MSB"     "%PRO18%\"                      4096 false        false   false            00         00   00 ""    ""   ""     
          "SF"     "PCMSF.MSB"    "%PLSQL23%\"                   20480 false        false   false            00         00   00 ""    ""   ""     
          "SF"     "PLSSF.MSB"    "%PLSQL23%\"                   13312 false        false   false            00         00   00 ""    ""   ""     
          "SF"     "PXSF.MSB"     "%PLSQL23%\"                    2560 false        false   false            00         00   00 ""    ""   ""     
          "SF"     "LCDSF.MSB"    "%RDBMS73%\"                    3072 false        false   false            00         00   00 ""    ""   ""     
          "SF"     "ORASF.MSB"    "%RDBMS73%\"                  219136 false        false   false            00         00   00 ""    ""   ""     
          "SF"     "SOSDSF.MSB"   "%RDBMS73%\"                   13824 false        false   false            00         00   00 ""    ""   ""     
          "SF"     "SQLSF.MSB"    "%PRO18%\"                      4608 false        false   false            00         00   00 ""    ""   ""     
          "SK"     "PCMSK.MSB"    "%PLSQL23%\"                   20992 false        false   false            00         00   00 ""    ""   ""     
          "SK"     "PLSSK.MSB"    "%PLSQL23%\"                   13312 false        false   false            00         00   00 ""    ""   ""     
          "SK"     "PXSK.MSB"     "%PLSQL23%\"                    2560 false        false   false            00         00   00 ""    ""   ""     
          "SK"     "LCDSK.MSB"    "%RDBMS73%\"                    3072 false        false   false            00         00   00 ""    ""   ""     
          "SK"     "ORASK.MSB"    "%RDBMS73%\"                  224768 false        false   false            00         00   00 ""    ""   ""     
          "SK"     "SOSDSK.MSB"   "%RDBMS73%\"                   13312 false        false   false            00         00   00 ""    ""   ""     
          "SK"     "SQLSK.MSB"    "%PRO18%\"                      4096 false        false   false            00         00   00 ""    ""   ""     
          "TR"     "PCMTR.MSB"    "%PLSQL23%\"                   20992 false        false   false            00         00   00 ""    ""   ""     
          "TR"     "PLSTR.MSB"    "%PLSQL23%\"                   13824 false        false   false            00         00   00 ""    ""   ""     
          "TR"     "PXTR.MSB"     "%PLSQL23%\"                    2560 false        false   false            00         00   00 ""    ""   ""     
          "TR"     "LCDTR.MSB"    "%RDBMS73%\"                    3072 false        false   false            00         00   00 ""    ""   ""     
          "TR"     "ORATR.MSB"    "%RDBMS73%\"                  212992 false        false   false            00         00   00 ""    ""   ""     
          "TR"     "SOSDTR.MSB"   "%RDBMS73%\"                   12288 false        false   false            00         00   00 ""    ""   ""     
          "TR"     "SQLTR.MSB"    "%PRO18%\"                      4096 false        false   false            00         00   00 ""    ""   ""     
          "ZHS"    "PCMZHS.MSB"   "%PLSQL23%\"                   13824 false        false   false            00         00   00 ""    ""   ""     
          "ZHS"    "PLSZHS.MSB"   "%PLSQL23%\"                   10752 false        false   false            00         00   00 ""    ""   ""     
          "ZHS"    "PXZHS.MSB"    "%PLSQL23%\"                    2560 false        false   false            00         00   00 ""    ""   ""     
          "ZHS"    "LCDZHS.MSB"   "%RDBMS73%\"                    2560 false        false   false            00         00   00 ""    ""   ""     
          "ZHS"    "ORAZHS.MSB"   "%RDBMS73%\"                  142848 false        false   false            00         00   00 ""    ""   ""     
          "ZHS"    "SOSDZHS.MSB"  "%RDBMS73%\"                    9216 false        false   false            00         00   00 ""    ""   ""     
          "ZHS"    "SQLZHS.MSB"   "%PRO18%\"                      3584 false        false   false            00         00   00 ""    ""   ""     
          "ZHT"    "PCMZHT.MSB"   "%PLSQL23%\"                   14848 false        false   false            00         00   00 ""    ""   ""     
          "ZHT"    "PLSZHT.MSB"   "%PLSQL23%\"                   11264 false        false   false            00         00   00 ""    ""   ""     
          "ZHT"    "PXZHT.MSB"    "%PLSQL23%\"                    2560 false        false   false            00         00   00 ""    ""   ""     
          "ZHT"    "LCDZHT.MSB"   "%RDBMS73%\"                    2560 false        false   false            00         00   00 ""    ""   ""     
          "ZHT"    "ORAZHT.MSB"   "%RDBMS73%\"                  159232 false        false   false            00         00   00 ""    ""   ""     
          "ZHT"    "SOSDZHT.MSB"  "%RDBMS73%\"                    9216 false        false   false            00         00   00 ""    ""   ""     
          "ZHT"    "SQLZHT.MSB"   "%PRO18%\"                      3584 false        false   false            00         00   00 ""    ""   ""     

sql       ""       "DEMOBLD.SQL"  "%ORACLE_HOME%\DBS\"           22096 false        false   false            00         00   00 ""    ""   ""     
          ""       "DEMODROP.SQL" "%ORACLE_HOME%\DBS\"             523 false        false   false            00         00   00 ""    ""   ""     
          ""       "PUPBLD.SQL"   "%ORACLE_HOME%\DBS\"            4094 false        false   false            00         00   00 ""    ""   ""     
          ""       "PUPBLD.SQL"   "%ORACLE_HOME%\DBS\V7PUP.SQL"   4094 false        false   false            00         00   00 ""    ""   ""     

nlsdata   ""       ""             "%NLSRTL32%"                      00 false        false   false            00         00   00 ""    ""   ""     
          ""       ""             "%NLSRTL32%\DATA"                 00 false        false   false            00         00   00 ""    ""   ""     
          ""       "LX00001.NLB"  "%NLSRTL32%\DATA\"               482 false        false   false            00         00   00 ""    ""   ""     
          ""       "LX00002.NLB"  "%NLSRTL32%\DATA\"               481 false        false   false            00         00   00 ""    ""   ""     
          ""       "LX00003.NLB"  "%NLSRTL32%\DATA\"               479 false        false   false            00         00   00 ""    ""   ""     
          ""       "LX00004.NLB"  "%NLSRTL32%\DATA\"               503 false        false   false            00         00   00 ""    ""   ""     
          ""       "LX00005.NLB"  "%NLSRTL32%\DATA\"               478 false        false   false            00         00   00 ""    ""   ""     
          ""       "LX00006.NLB"  "%NLSRTL32%\DATA\"               487 false        false   false            00         00   00 ""    ""   ""     
          ""       "LX00007.NLB"  "%NLSRTL32%\DATA\"               484 false        false   false            00         00   00 ""    ""   ""     
          ""       "LX00008.NLB"  "%NLSRTL32%\DATA\"               479 false        false   false            00         00   00 ""    ""   ""     
          ""       "LX00009.NLB"  "%NLSRTL32%\DATA\"               479 false        false   false            00         00   00 ""    ""   ""     
          ""       "LX0000A.NLB"  "%NLSRTL32%\DATA\"               475 false        false   false            00         00   00 ""    ""   ""     
          ""       "LX0000B.NLB"  "%NLSRTL32%\DATA\"               511 false        false   false            00         00   00 ""    ""   ""     
          ""       "LX0000C.NLB"  "%NLSRTL32%\DATA\"               513 false        false   false            00         00   00 ""    ""   ""     
          ""       "LX0000D.NLB"  "%NLSRTL32%\DATA\"               506 false        false   false            00         00   00 ""    ""   ""     
          ""       "LX0000E.NLB"  "%NLSRTL32%\DATA\"               510 false        false   false            00         00   00 ""    ""   ""     
          ""       "LX0000F.NLB"  "%NLSRTL32%\DATA\"               471 false        false   false            00         00   00 ""    ""   ""     
          ""       "LX00010.NLB"  "%NLSRTL32%\DATA\"               531 false        false   false            00         00   00 ""    ""   ""     
          ""       "LX00011.NLB"  "%NLSRTL32%\DATA\"               488 false        false   false            00         00   00 ""    ""   ""     
          ""       "LX00012.NLB"  "%NLSRTL32%\DATA\"               487 false        false   false            00         00   00 ""    ""   ""     
          ""       "LX00013.NLB"  "%NLSRTL32%\DATA\"               511 false        false   false            00         00   00 ""    ""   ""     
          ""       "LX00014.NLB"  "%NLSRTL32%\DATA\"               495 false        false   false            00         00   00 ""    ""   ""     
          ""       "LX00015.NLB"  "%NLSRTL32%\DATA\"               481 false        false   false            00         00   00 ""    ""   ""     
          ""       "LX00016.NLB"  "%NLSRTL32%\DATA\"               530 false        false   false            00         00   00 ""    ""   ""     
          ""       "LX00017.NLB"  "%NLSRTL32%\DATA\"               487 false        false   false            00         00   00 ""    ""   ""     
          ""       "LX00018.NLB"  "%NLSRTL32%\DATA\"               472 false        false   false            00         00   00 ""    ""   ""     
          ""       "LX00019.NLB"  "%NLSRTL32%\DATA\"               476 false        false   false            00         00   00 ""    ""   ""     
          ""       "LX0001A.NLB"  "%NLSRTL32%\DATA\"               485 false        false   false            00         00   00 ""    ""   ""     
          ""       "LX0001B.NLB"  "%NLSRTL32%\DATA\"               481 false        false   false            00         00   00 ""    ""   ""     
          ""       "LX0001C.NLB"  "%NLSRTL32%\DATA\"               486 false        false   false            00         00   00 ""    ""   ""     
          ""       "LX0001D.NLB"  "%NLSRTL32%\DATA\"               486 false        false   false            00         00   00 ""    ""   ""     
          ""       "LX0001E.NLB"  "%NLSRTL32%\DATA\"               491 false        false   false            00         00   00 ""    ""   ""     
          ""       "LX0001F.NLB"  "%NLSRTL32%\DATA\"               501 false        false   false            00         00   00 ""    ""   ""     
          ""       "LX00020.NLB"  "%NLSRTL32%\DATA\"               478 false        false   false            00         00   00 ""    ""   ""     
          ""       "LX00021.NLB"  "%NLSRTL32%\DATA\"              1090 false        false   false            00         00   00 ""    ""   ""     
          ""       "LX00022.NLB"  "%NLSRTL32%\DATA\"               430 false        false   false            00         00   00 ""    ""   ""     
          ""       "LX00023.NLB"  "%NLSRTL32%\DATA\"               493 false        false   false            00         00   00 ""    ""   ""     
          ""       "LX00024.NLB"  "%NLSRTL32%\DATA\"               494 false        false   false            00         00   00 ""    ""   ""     
          ""       "LX00025.NLB"  "%NLSRTL32%\DATA\"               481 false        false   false            00         00   00 ""    ""   ""     
          ""       "LX00026.NLB"  "%NLSRTL32%\DATA\"               495 false        false   false            00         00   00 ""    ""   ""     
          ""       "LX00027.NLB"  "%NLSRTL32%\DATA\"               498 false        false   false            00         00   00 ""    ""   ""     
          ""       "LX00028.NLB"  "%NLSRTL32%\DATA\"               483 false        false   false            00         00   00 ""    ""   ""     
          ""       "LX00029.NLB"  "%NLSRTL32%\DATA\"               487 false        false   false            00         00   00 ""    ""   ""     
          ""       "LX0002A.NLB"  "%NLSRTL32%\DATA\"               472 false        false   false            00         00   00 ""    ""   ""     
          ""       "LX0002B.NLB"  "%NLSRTL32%\DATA\"               605 false        false   false            00         00   00 ""    ""   ""     
          ""       "LX0002C.NLB"  "%NLSRTL32%\DATA\"               509 false        false   false            00         00   00 ""    ""   ""     
          ""       "LX0002D.NLB"  "%NLSRTL32%\DATA\"               522 false        false   false            00         00   00 ""    ""   ""     
          ""       "LX10001.NLB"  "%NLSRTL32%\DATA\"               269 false        false   false            00         00   00 ""    ""   ""     
          ""       "LX10002.NLB"  "%NLSRTL32%\DATA\"               275 false        false   false            00         00   00 ""    ""   ""     
          ""       "LX10003.NLB"  "%NLSRTL32%\DATA\"               271 false        false   false            00         00   00 ""    ""   ""     
          ""       "LX10004.NLB"  "%NLSRTL32%\DATA\"               269 false        false   false            00         00   00 ""    ""   ""     
          ""       "LX10005.NLB"  "%NLSRTL32%\DATA\"               263 false        false   false            00         00   00 ""    ""   ""     
          ""       "LX10006.NLB"  "%NLSRTL32%\DATA\"               270 false        false   false            00         00   00 ""    ""   ""     
          ""       "LX10007.NLB"  "%NLSRTL32%\DATA\"               264 false        false   false            00         00   00 ""    ""   ""     
          ""       "LX10008.NLB"  "%NLSRTL32%\DATA\"               278 false        false   false            00         00   00 ""    ""   ""     
          ""       "LX10009.NLB"  "%NLSRTL32%\DATA\"               266 false        false   false            00         00   00 ""    ""   ""     
          ""       "LX1000A.NLB"  "%NLSRTL32%\DATA\"               280 false        false   false            00         00   00 ""    ""   ""     
          ""       "LX1000B.NLB"  "%NLSRTL32%\DATA\"               271 false        false   false            00         00   00 ""    ""   ""     
          ""       "LX1000C.NLB"  "%NLSRTL32%\DATA\"               267 false        false   false            00         00   00 ""    ""   ""     
          ""       "LX1000D.NLB"  "%NLSRTL32%\DATA\"               276 false        false   false            00         00   00 ""    ""   ""     
          ""       "LX1000E.NLB"  "%NLSRTL32%\DATA\"               271 false        false   false            00         00   00 ""    ""   ""     
          ""       "LX1000F.NLB"  "%NLSRTL32%\DATA\"               265 false        false   false            00         00   00 ""    ""   ""     
          ""       "LX10010.NLB"  "%NLSRTL32%\DATA\"               274 false        false   false            00         00   00 ""    ""   ""     
          ""       "LX10011.NLB"  "%NLSRTL32%\DATA\"               271 false        false   false            00         00   00 ""    ""   ""     
          ""       "LX10012.NLB"  "%NLSRTL32%\DATA\"               269 false        false   false            00         00   00 ""    ""   ""     
          ""       "LX10013.NLB"  "%NLSRTL32%\DATA\"               270 false        false   false            00         00   00 ""    ""   ""     
          ""       "LX10014.NLB"  "%NLSRTL32%\DATA\"               265 false        false   false            00         00   00 ""    ""   ""     
          ""       "LX10015.NLB"  "%NLSRTL32%\DATA\"               270 false        false   false            00         00   00 ""    ""   ""     
          ""       "LX10016.NLB"  "%NLSRTL32%\DATA\"               274 false        false   false            00         00   00 ""    ""   ""     
          ""       "LX10017.NLB"  "%NLSRTL32%\DATA\"               264 false        false   false            00         00   00 ""    ""   ""     
          ""       "LX10018.NLB"  "%NLSRTL32%\DATA\"               273 false        false   false            00         00   00 ""    ""   ""     
          ""       "LX10019.NLB"  "%NLSRTL32%\DATA\"               268 false        false   false            00         00   00 ""    ""   ""     
          ""       "LX1001A.NLB"  "%NLSRTL32%\DATA\"               273 false        false   false            00         00   00 ""    ""   ""     
          ""       "LX1001B.NLB"  "%NLSRTL32%\DATA\"               282 false        false   false            00         00   00 ""    ""   ""     
          ""       "LX1001C.NLB"  "%NLSRTL32%\DATA\"               282 false        false   false            00         00   00 ""    ""   ""     
          ""       "LX1001D.NLB"  "%NLSRTL32%\DATA\"               269 false        false   false            00         00   00 ""    ""   ""     
          ""       "LX1001E.NLB"  "%NLSRTL32%\DATA\"               280 false        false   false            00         00   00 ""    ""   ""     
          ""       "LX1001F.NLB"  "%NLSRTL32%\DATA\"               279 false        false   false            00         00   00 ""    ""   ""     
          ""       "LX10020.NLB"  "%NLSRTL32%\DATA\"               281 false        false   false            00         00   00 ""    ""   ""     
          ""       "LX10021.NLB"  "%NLSRTL32%\DATA\"               281 false        false   false            00         00   00 ""    ""   ""     
          ""       "LX10022.NLB"  "%NLSRTL32%\DATA\"               282 false        false   false            00         00   00 ""    ""   ""     
          ""       "LX10023.NLB"  "%NLSRTL32%\DATA\"               280 false        false   false            00         00   00 ""    ""   ""     
          ""       "LX10024.NLB"  "%NLSRTL32%\DATA\"               273 false        false   false            00         00   00 ""    ""   ""     
          ""       "LX10025.NLB"  "%NLSRTL32%\DATA\"               285 false        false   false            00         00   00 ""    ""   ""     
          ""       "LX10026.NLB"  "%NLSRTL32%\DATA\"               279 false        false   false            00         00   00 ""    ""   ""     
          ""       "LX10027.NLB"  "%NLSRTL32%\DATA\"               280 false        false   false            00         00   00 ""    ""   ""     
          ""       "LX10028.NLB"  "%NLSRTL32%\DATA\"               274 false        false   false            00         00   00 ""    ""   ""     
          ""       "LX10029.NLB"  "%NLSRTL32%\DATA\"               287 false        false   false            00         00   00 ""    ""   ""     
          ""       "LX1002A.NLB"  "%NLSRTL32%\DATA\"               273 false        false   false            00         00   00 ""    ""   ""     
          ""       "LX1002B.NLB"  "%NLSRTL32%\DATA\"               280 false        false   false            00         00   00 ""    ""   ""     
          ""       "LX1002C.NLB"  "%NLSRTL32%\DATA\"               283 false        false   false            00         00   00 ""    ""   ""     
          ""       "LX1002D.NLB"  "%NLSRTL32%\DATA\"               258 false        false   false            00         00   00 ""    ""   ""     
          ""       "LX1002E.NLB"  "%NLSRTL32%\DATA\"               273 false        false   false            00         00   00 ""    ""   ""     
          ""       "LX1002F.NLB"  "%NLSRTL32%\DATA\"               280 false        false   false            00         00   00 ""    ""   ""     
          ""       "LX10030.NLB"  "%NLSRTL32%\DATA\"               280 false        false   false            00         00   00 ""    ""   ""     
          ""       "LX10031.NLB"  "%NLSRTL32%\DATA\"               275 false        false   false            00         00   00 ""    ""   ""     
          ""       "LX10032.NLB"  "%NLSRTL32%\DATA\"               271 false        false   false            00         00   00 ""    ""   ""     
          ""       "LX10033.NLB"  "%NLSRTL32%\DATA\"               295 false        false   false            00         00   00 ""    ""   ""     
          ""       "LX10034.NLB"  "%NLSRTL32%\DATA\"               270 false        false   false            00         00   00 ""    ""   ""     
          ""       "LX10035.NLB"  "%NLSRTL32%\DATA\"               267 false        false   false            00         00   00 ""    ""   ""     
          ""       "LX10036.NLB"  "%NLSRTL32%\DATA\"               271 false        false   false            00         00   00 ""    ""   ""     
          ""       "LX10037.NLB"  "%NLSRTL32%\DATA\"               270 false        false   false            00         00   00 ""    ""   ""     
          ""       "LX10038.NLB"  "%NLSRTL32%\DATA\"               269 false        false   false            00         00   00 ""    ""   ""     
          ""       "LX10039.NLB"  "%NLSRTL32%\DATA\"               268 false        false   false            00         00   00 ""    ""   ""     
          ""       "LX1003A.NLB"  "%NLSRTL32%\DATA\"               263 false        false   false            00         00   00 ""    ""   ""     
          ""       "LX1003B.NLB"  "%NLSRTL32%\DATA\"               257 false        false   false            00         00   00 ""    ""   ""     
          ""       "LX1003C.NLB"  "%NLSRTL32%\DATA\"               273 false        false   false            00         00   00 ""    ""   ""     
          ""       "LX1003D.NLB"  "%NLSRTL32%\DATA\"               281 false        false   false            00         00   00 ""    ""   ""     
          ""       "LX1003E.NLB"  "%NLSRTL32%\DATA\"               278 false        false   false            00         00   00 ""    ""   ""     
          ""       "LX1003F.NLB"  "%NLSRTL32%\DATA\"               269 false        false   false            00         00   00 ""    ""   ""     
          ""       "LX10040.NLB"  "%NLSRTL32%\DATA\"               278 false        false   false            00         00   00 ""    ""   ""     
          ""       "LX10041.NLB"  "%NLSRTL32%\DATA\"               272 false        false   false            00         00   00 ""    ""   ""     
          ""       "LX1BOOT.NLB"  "%NLSRTL32%\DATA\"             15130 false        false   false            00         00   00 ""    ""   ""     
          ""       "LX20001.NLB"  "%NLSRTL32%\DATA\"              3161 false        false   false            00         00   00 ""    ""   ""     
          ""       "LX20002.NLB"  "%NLSRTL32%\DATA\"              3159 false        false   false            00         00   00 ""    ""   ""     
          ""       "LX20003.NLB"  "%NLSRTL32%\DATA\"              3158 false        false   false            00         00   00 ""    ""   ""     
          ""       "LX20004.NLB"  "%NLSRTL32%\DATA\"              3161 false        false   false            00         00   00 ""    ""   ""     
          ""       "LX20005.NLB"  "%NLSRTL32%\DATA\"              3164 false        false   false            00         00   00 ""    ""   ""     
          ""       "LX20006.NLB"  "%NLSRTL32%\DATA\"              3165 false        false   false            00         00   00 ""    ""   ""     
          ""       "LX20008.NLB"  "%NLSRTL32%\DATA\"              3165 false        false   false            00         00   00 ""    ""   ""     
          ""       "LX2000A.NLB"  "%NLSRTL32%\DATA\"              3161 false        false   false            00         00   00 ""    ""   ""     
          ""       "LX2000B.NLB"  "%NLSRTL32%\DATA\"              3158 false        false   false            00         00   00 ""    ""   ""     
          ""       "LX2000C.NLB"  "%NLSRTL32%\DATA\"              3158 false        false   false            00         00   00 ""    ""   ""     
          ""       "LX2000D.NLB"  "%NLSRTL32%\DATA\"              3158 false        false   false            00         00   00 ""    ""   ""     
          ""       "LX2000E.NLB"  "%NLSRTL32%\DATA\"              3158 false        false   false            00         00   00 ""    ""   ""     
          ""       "LX2000F.NLB"  "%NLSRTL32%\DATA\"              3161 false        false   false            00         00   00 ""    ""   ""     
          ""       "LX20010.NLB"  "%NLSRTL32%\DATA\"              3160 false        false   false            00         00   00 ""    ""   ""     
          ""       "LX20011.NLB"  "%NLSRTL32%\DATA\"              3158 false        false   false            00         00   00 ""    ""   ""     
          ""       "LX20012.NLB"  "%NLSRTL32%\DATA\"              3159 false        false   false            00         00   00 ""    ""   ""     
          ""       "LX20013.NLB"  "%NLSRTL32%\DATA\"              3159 false        false   false            00         00   00 ""    ""   ""     
          ""       "LX20014.NLB"  "%NLSRTL32%\DATA\"              3162 false        false   false            00         00   00 ""    ""   ""     
          ""       "LX20015.NLB"  "%NLSRTL32%\DATA\"              3159 false        false   false            00         00   00 ""    ""   ""     
          ""       "LX20016.NLB"  "%NLSRTL32%\DATA\"              3159 false        false   false            00         00   00 ""    ""   ""     
          ""       "LX20017.NLB"  "%NLSRTL32%\DATA\"              3161 false        false   false            00         00   00 ""    ""   ""     
          ""       "LX20019.NLB"  "%NLSRTL32%\DATA\"              3161 false        false   false            00         00   00 ""    ""   ""     
          ""       "LX2001F.NLB"  "%NLSRTL32%\DATA\"              3165 false        false   false            00         00   00 ""    ""   ""     
          ""       "LX20020.NLB"  "%NLSRTL32%\DATA\"              3165 false        false   false            00         00   00 ""    ""   ""     
          ""       "LX20021.NLB"  "%NLSRTL32%\DATA\"              3165 false        false   false            00         00   00 ""    ""   ""     
          ""       "LX20022.NLB"  "%NLSRTL32%\DATA\"              3166 false        false   false            00         00   00 ""    ""   ""     
          ""       "LX20023.NLB"  "%NLSRTL32%\DATA\"              3165 false        false   false            00         00   00 ""    ""   ""     
          ""       "LX20024.NLB"  "%NLSRTL32%\DATA\"              3165 false        false   false            00         00   00 ""    ""   ""     
          ""       "LX20025.NLB"  "%NLSRTL32%\DATA\"              3165 false        false   false            00         00   00 ""    ""   ""     
          ""       "LX20026.NLB"  "%NLSRTL32%\DATA\"              3165 false        false   false            00         00   00 ""    ""   ""     
          ""       "LX20027.NLB"  "%NLSRTL32%\DATA\"              3165 false        false   false            00         00   00 ""    ""   ""     
          ""       "LX20028.NLB"  "%NLSRTL32%\DATA\"              3166 false        false   false            00         00   00 ""    ""   ""     
          ""       "LX20029.NLB"  "%NLSRTL32%\DATA\"              3164 false        false   false            00         00   00 ""    ""   ""     
          ""       "LX2002A.NLB"  "%NLSRTL32%\DATA\"              3165 false        false   false            00         00   00 ""    ""   ""     
          ""       "LX2002B.NLB"  "%NLSRTL32%\DATA\"              3161 false        false   false            00         00   00 ""    ""   ""     
          ""       "LX2002C.NLB"  "%NLSRTL32%\DATA\"              3159 false        false   false            00         00   00 ""    ""   ""     
          ""       "LX20032.NLB"  "%NLSRTL32%\DATA\"              3164 false        false   false            00         00   00 ""    ""   ""     
          ""       "LX2003D.NLB"  "%NLSRTL32%\DATA\"              3703 false        false   false            00         00   00 ""    ""   ""     
          ""       "LX20046.NLB"  "%NLSRTL32%\DATA\"              3163 false        false   false            00         00   00 ""    ""   ""     
          ""       "LX20048.NLB"  "%NLSRTL32%\DATA\"              4722 false        false   false            00         00   00 ""    ""   ""     
          ""       "LX20051.NLB"  "%NLSRTL32%\DATA\"              3159 false        false   false            00         00   00 ""    ""   ""     
          ""       "LX20052.NLB"  "%NLSRTL32%\DATA\"              3159 false        false   false            00         00   00 ""    ""   ""     
          ""       "LX2005A.NLB"  "%NLSRTL32%\DATA\"              3165 false        false   false            00         00   00 ""    ""   ""     
          ""       "LX2005B.NLB"  "%NLSRTL32%\DATA\"              3166 false        false   false            00         00   00 ""    ""   ""     
          ""       "LX2005C.NLB"  "%NLSRTL32%\DATA\"              3165 false        false   false            00         00   00 ""    ""   ""     
          ""       "LX2005D.NLB"  "%NLSRTL32%\DATA\"              3166 false        false   false            00         00   00 ""    ""   ""     
          ""       "LX2005E.NLB"  "%NLSRTL32%\DATA\"              3165 false        false   false            00         00   00 ""    ""   ""     
          ""       "LX2005F.NLB"  "%NLSRTL32%\DATA\"              3165 false        false   false            00         00   00 ""    ""   ""     
          ""       "LX2006E.NLB"  "%NLSRTL32%\DATA\"              3165 false        false   false            00         00   00 ""    ""   ""     
          ""       "LX20071.NLB"  "%NLSRTL32%\DATA\"              3164 false        false   false            00         00   00 ""    ""   ""     
          ""       "LX20072.NLB"  "%NLSRTL32%\DATA\"              3164 false        false   false            00         00   00 ""    ""   ""     
          ""       "LX2008C.NLB"  "%NLSRTL32%\DATA\"              3162 false        false   false            00         00   00 ""    ""   ""     
          ""       "LX20096.NLB"  "%NLSRTL32%\DATA\"              3161 false        false   false            00         00   00 ""    ""   ""     
          ""       "LX20098.NLB"  "%NLSRTL32%\DATA\"              3161 false        false   false            00         00   00 ""    ""   ""     
          ""       "LX20099.NLB"  "%NLSRTL32%\DATA\"              3161 false        false   false            00         00   00 ""    ""   ""     
          ""       "LX2009A.NLB"  "%NLSRTL32%\DATA\"              3162 false        false   false            00         00   00 ""    ""   ""     
          ""       "LX2009B.NLB"  "%NLSRTL32%\DATA\"              3161 false        false   false            00         00   00 ""    ""   ""     
          ""       "LX2009C.NLB"  "%NLSRTL32%\DATA\"              3161 false        false   false            00         00   00 ""    ""   ""     
          ""       "LX2009E.NLB"  "%NLSRTL32%\DATA\"              3167 false        false   false            00         00   00 ""    ""   ""     
          ""       "LX2009F.NLB"  "%NLSRTL32%\DATA\"              3168 false        false   false            00         00   00 ""    ""   ""     
          ""       "LX200A0.NLB"  "%NLSRTL32%\DATA\"              3161 false        false   false            00         00   00 ""    ""   ""     
          ""       "LX200A1.NLB"  "%NLSRTL32%\DATA\"              3161 false        false   false            00         00   00 ""    ""   ""     
          ""       "LX200A2.NLB"  "%NLSRTL32%\DATA\"              3162 false        false   false            00         00   00 ""    ""   ""     
          ""       "LX200A3.NLB"  "%NLSRTL32%\DATA\"              3168 false        false   false            00         00   00 ""    ""   ""     
          ""       "LX200A4.NLB"  "%NLSRTL32%\DATA\"              3167 false        false   false            00         00   00 ""    ""   ""     
          ""       "LX200A5.NLB"  "%NLSRTL32%\DATA\"              3169 false        false   false            00         00   00 ""    ""   ""     
          ""       "LX200A6.NLB"  "%NLSRTL32%\DATA\"              3165 false        false   false            00         00   00 ""    ""   ""     
          ""       "LX200A7.NLB"  "%NLSRTL32%\DATA\"              3166 false        false   false            00         00   00 ""    ""   ""     
          ""       "LX200AA.NLB"  "%NLSRTL32%\DATA\"              3165 false        false   false            00         00   00 ""    ""   ""     
          ""       "LX200AB.NLB"  "%NLSRTL32%\DATA\"              3165 false        false   false            00         00   00 ""    ""   ""     
          ""       "LX200AC.NLB"  "%NLSRTL32%\DATA\"              3164 false        false   false            00         00   00 ""    ""   ""     
          ""       "LX200AD.NLB"  "%NLSRTL32%\DATA\"              3161 false        false   false            00         00   00 ""    ""   ""     
          ""       "LX200AE.NLB"  "%NLSRTL32%\DATA\"              3165 false        false   false            00         00   00 ""    ""   ""     
          ""       "LX200AF.NLB"  "%NLSRTL32%\DATA\"              3165 false        false   false            00         00   00 ""    ""   ""     
          ""       "LX200B0.NLB"  "%NLSRTL32%\DATA\"              3164 false        false   false            00         00   00 ""    ""   ""     
          ""       "LX200B1.NLB"  "%NLSRTL32%\DATA\"              3165 false        false   false            00         00   00 ""    ""   ""     
          ""       "LX200B2.NLB"  "%NLSRTL32%\DATA\"              3165 false        false   false            00         00   00 ""    ""   ""     
          ""       "LX200B3.NLB"  "%NLSRTL32%\DATA\"              3166 false        false   false            00         00   00 ""    ""   ""     
          ""       "LX200B4.NLB"  "%NLSRTL32%\DATA\"              3164 false        false   false            00         00   00 ""    ""   ""     
          ""       "LX200B5.NLB"  "%NLSRTL32%\DATA\"              3164 false        false   false            00         00   00 ""    ""   ""     
          ""       "LX200B6.NLB"  "%NLSRTL32%\DATA\"              3165 false        false   false            00         00   00 ""    ""   ""     
          ""       "LX200B7.NLB"  "%NLSRTL32%\DATA\"              3164 false        false   false            00         00   00 ""    ""   ""     
          ""       "LX200B8.NLB"  "%NLSRTL32%\DATA\"              3165 false        false   false            00         00   00 ""    ""   ""     
          ""       "LX200B9.NLB"  "%NLSRTL32%\DATA\"              3166 false        false   false            00         00   00 ""    ""   ""     
          ""       "LX200BA.NLB"  "%NLSRTL32%\DATA\"              3164 false        false   false            00         00   00 ""    ""   ""     
          ""       "LX200BB.NLB"  "%NLSRTL32%\DATA\"              3166 false        false   false            00         00   00 ""    ""   ""     
          ""       "LX200BC.NLB"  "%NLSRTL32%\DATA\"              3167 false        false   false            00         00   00 ""    ""   ""     
          ""       "LX200BE.NLB"  "%NLSRTL32%\DATA\"              3160 false        false   false            00         00   00 ""    ""   ""     
          ""       "LX200BF.NLB"  "%NLSRTL32%\DATA\"              3162 false        false   false            00         00   00 ""    ""   ""     
          ""       "LX200C0.NLB"  "%NLSRTL32%\DATA\"              3162 false        false   false            00         00   00 ""    ""   ""     
          ""       "LX200C1.NLB"  "%NLSRTL32%\DATA\"              3161 false        false   false            00         00   00 ""    ""   ""     
          ""       "LX200C2.NLB"  "%NLSRTL32%\DATA\"              3167 false        false   false            00         00   00 ""    ""   ""     
          ""       "LX200C3.NLB"  "%NLSRTL32%\DATA\"              3165 false        false   false            00         00   00 ""    ""   ""     
          ""       "LX200C4.NLB"  "%NLSRTL32%\DATA\"              3161 false        false   false            00         00   00 ""    ""   ""     
          ""       "LX200C5.NLB"  "%NLSRTL32%\DATA\"              3162 false        false   false            00         00   00 ""    ""   ""     
          ""       "LX200C9.NLB"  "%NLSRTL32%\DATA\"              3167 false        false   false            00         00   00 ""    ""   ""     
          ""       "LX200CA.NLB"  "%NLSRTL32%\DATA\"              3167 false        false   false            00         00   00 ""    ""   ""     
          ""       "LX200CB.NLB"  "%NLSRTL32%\DATA\"              3167 false        false   false            00         00   00 ""    ""   ""     
          ""       "LX200CC.NLB"  "%NLSRTL32%\DATA\"              3168 false        false   false            00         00   00 ""    ""   ""     
          ""       "LX200CD.NLB"  "%NLSRTL32%\DATA\"              3167 false        false   false            00         00   00 ""    ""   ""     
          ""       "LX200CE.NLB"  "%NLSRTL32%\DATA\"              3167 false        false   false            00         00   00 ""    ""   ""     
          ""       "LX200CF.NLB"  "%NLSRTL32%\DATA\"              3167 false        false   false            00         00   00 ""    ""   ""     
          ""       "LX200D2.NLB"  "%NLSRTL32%\DATA\"              3161 false        false   false            00         00   00 ""    ""   ""     
          ""       "LX200D3.NLB"  "%NLSRTL32%\DATA\"              3161 false        false   false            00         00   00 ""    ""   ""     
          ""       "LX200DD.NLB"  "%NLSRTL32%\DATA\"              3162 false        false   false            00         00   00 ""    ""   ""     
          ""       "LX200DE.NLB"  "%NLSRTL32%\DATA\"              3161 false        false   false            00         00   00 ""    ""   ""     
          ""       "LX200DF.NLB"  "%NLSRTL32%\DATA\"              3161 false        false   false            00         00   00 ""    ""   ""     
          ""       "LX200E0.NLB"  "%NLSRTL32%\DATA\"              3161 false        false   false            00         00   00 ""    ""   ""     
          ""       "LX200E1.NLB"  "%NLSRTL32%\DATA\"              3162 false        false   false            00         00   00 ""    ""   ""     
          ""       "LX200E7.NLB"  "%NLSRTL32%\DATA\"              3162 false        false   false            00         00   00 ""    ""   ""     
          ""       "LX200EB.NLB"  "%NLSRTL32%\DATA\"              3162 false        false   false            00         00   00 ""    ""   ""     
          ""       "LX200EF.NLB"  "%NLSRTL32%\DATA\"              3164 false        false   false            00         00   00 ""    ""   ""     
          ""       "LX200F1.NLB"  "%NLSRTL32%\DATA\"              3158 false        false   false            00         00   00 ""    ""   ""     
          ""       "LX200FB.NLB"  "%NLSRTL32%\DATA\"              3163 false        false   false            00         00   00 ""    ""   ""     
          ""       "LX20105.NLB"  "%NLSRTL32%\DATA\"              3162 false        false   false            00         00   00 ""    ""   ""     
          ""       "LX20106.NLB"  "%NLSRTL32%\DATA\"              3161 false        false   false            00         00   00 ""    ""   ""     
          ""       "LX20107.NLB"  "%NLSRTL32%\DATA\"              3167 false        false   false            00         00   00 ""    ""   ""     
          ""       "LX20108.NLB"  "%NLSRTL32%\DATA\"              3166 false        false   false            00         00   00 ""    ""   ""     
          ""       "LX20109.NLB"  "%NLSRTL32%\DATA\"              3168 false        false   false            00         00   00 ""    ""   ""     
          ""       "LX2010A.NLB"  "%NLSRTL32%\DATA\"              3164 false        false   false            00         00   00 ""    ""   ""     
          ""       "LX2010B.NLB"  "%NLSRTL32%\DATA\"              3165 false        false   false            00         00   00 ""    ""   ""     
          ""       "LX20115.NLB"  "%NLSRTL32%\DATA\"              3159 false        false   false            00         00   00 ""    ""   ""     
          ""       "LX20116.NLB"  "%NLSRTL32%\DATA\"              3159 false        false   false            00         00   00 ""    ""   ""     
          ""       "LX20117.NLB"  "%NLSRTL32%\DATA\"              3164 false        false   false            00         00   00 ""    ""   ""     
          ""       "LX2015F.NLB"  "%NLSRTL32%\DATA\"              3165 false        false   false            00         00   00 ""    ""   ""     
          ""       "LX20160.NLB"  "%NLSRTL32%\DATA\"              3166 false        false   false            00         00   00 ""    ""   ""     
          ""       "LX20161.NLB"  "%NLSRTL32%\DATA\"              3163 false        false   false            00         00   00 ""    ""   ""     
          ""       "LX20162.NLB"  "%NLSRTL32%\DATA\"              3164 false        false   false            00         00   00 ""    ""   ""     
          ""       "LX20170.NLB"  "%NLSRTL32%\DATA\"              3160 false        false   false            00         00   00 ""    ""   ""     
          ""       "LX2017C.NLB"  "%NLSRTL32%\DATA\"              3162 false        false   false            00         00   00 ""    ""   ""     
          ""       "LX2017D.NLB"  "%NLSRTL32%\DATA\"              3165 false        false   false            00         00   00 ""    ""   ""     
          ""       "LX2017E.NLB"  "%NLSRTL32%\DATA\"              3161 false        false   false            00         00   00 ""    ""   ""     
          ""       "LX2017F.NLB"  "%NLSRTL32%\DATA\"              3161 false        false   false            00         00   00 ""    ""   ""     
          ""       "LX20180.NLB"  "%NLSRTL32%\DATA\"              3161 false        false   false            00         00   00 ""    ""   ""     
          ""       "LX20181.NLB"  "%NLSRTL32%\DATA\"              3161 false        false   false            00         00   00 ""    ""   ""     
          ""       "LX20182.NLB"  "%NLSRTL32%\DATA\"              3161 false        false   false            00         00   00 ""    ""   ""     
          ""       "LX20186.NLB"  "%NLSRTL32%\DATA\"              3162 false        false   false            00         00   00 ""    ""   ""     
          ""       "LX20191.NLB"  "%NLSRTL32%\DATA\"              3161 false        false   false            00         00   00 ""    ""   ""     
          ""       "LX201F4.NLB"  "%NLSRTL32%\DATA\"              3162 false        false   false            00         00   00 ""    ""   ""     
          ""       "LX201F8.NLB"  "%NLSRTL32%\DATA\"              3703 false        false   false            00         00   00 ""    ""   ""     
          ""       "LX201F9.NLB"  "%NLSRTL32%\DATA\"              3677 false        false   false            00         00   00 ""    ""   ""     
          ""       "LX201FA.NLB"  "%NLSRTL32%\DATA\"              3678 false        false   false            00         00   00 ""    ""   ""     
          ""       "LX201FB.NLB"  "%NLSRTL32%\DATA\"              3700 false        false   false            00         00   00 ""    ""   ""     
          ""       "LX201FC.NLB"  "%NLSRTL32%\DATA\"              3676 false        false   false            00         00   00 ""    ""   ""     
          ""       "LX201FD.NLB"  "%NLSRTL32%\DATA\"              3713 false        false   false            00         00   00 ""    ""   ""     
          ""       "LX201FF.NLB"  "%NLSRTL32%\DATA\"              3703 false        false   false            00         00   00 ""    ""   ""     
          ""       "LX20202.NLB"  "%NLSRTL32%\DATA\"              3690 false        false   false            00         00   00 ""    ""   ""     
          ""       "LX2022A.NLB"  "%NLSRTL32%\DATA\"              3166 false        false   false            00         00   00 ""    ""   ""     
          ""       "LX2022B.NLB"  "%NLSRTL32%\DATA\"              3164 false        false   false            00         00   00 ""    ""   ""     
          ""       "LX2022C.NLB"  "%NLSRTL32%\DATA\"              3165 false        false   false            00         00   00 ""    ""   ""     
          ""       "LX2022D.NLB"  "%NLSRTL32%\DATA\"              3163 false        false   false            00         00   00 ""    ""   ""     
          ""       "LX2022E.NLB"  "%NLSRTL32%\DATA\"              3163 false        false   false            00         00   00 ""    ""   ""     
          ""       "LX2022F.NLB"  "%NLSRTL32%\DATA\"              3164 false        false   false            00         00   00 ""    ""   ""     
          ""       "LX20230.NLB"  "%NLSRTL32%\DATA\"              3162 false        false   false            00         00   00 ""    ""   ""     
          ""       "LX20231.NLB"  "%NLSRTL32%\DATA\"              3166 false        false   false            00         00   00 ""    ""   ""     
          ""       "LX20233.NLB"  "%NLSRTL32%\DATA\"              3164 false        false   false            00         00   00 ""    ""   ""     
          ""       "LX20235.NLB"  "%NLSRTL32%\DATA\"              3165 false        false   false            00         00   00 ""    ""   ""     
          ""       "LX20236.NLB"  "%NLSRTL32%\DATA\"              3166 false        false   false            00         00   00 ""    ""   ""     
          ""       "LX20237.NLB"  "%NLSRTL32%\DATA\"              3678 false        false   false            00         00   00 ""    ""   ""     
          ""       "LX2024E.NLB"  "%NLSRTL32%\DATA\"              3163 false        false   false            00         00   00 ""    ""   ""     
          ""       "LX2031D.NLB"  "%NLSRTL32%\DATA\"              3160 false        false   false            00         00   00 ""    ""   ""     
          ""       "LX2033D.NLB"  "%NLSRTL32%\DATA\"              5416 false        false   false            00         00   00 ""    ""   ""     
          ""       "LX2033E.NLB"  "%NLSRTL32%\DATA\"              8512 false        false   false            00         00   00 ""    ""   ""     
          ""       "LX20340.NLB"  "%NLSRTL32%\DATA\"              5409 false        false   false            00         00   00 ""    ""   ""     
          ""       "LX20341.NLB"  "%NLSRTL32%\DATA\"              5417 false        false   false            00         00   00 ""    ""   ""     
          ""       "LX20343.NLB"  "%NLSRTL32%\DATA\"              5422 false        false   false            00         00   00 ""    ""   ""     
          ""       "LX20344.NLB"  "%NLSRTL32%\DATA\"              5412 false        false   false            00         00   00 ""    ""   ""     
          ""       "LX20348.NLB"  "%NLSRTL32%\DATA\"              5420 false        false   false            00         00   00 ""    ""   ""     
          ""       "LX2034A.NLB"  "%NLSRTL32%\DATA\"              5449 false        false   false            00         00   00 ""    ""   ""     
          ""       "LX2034D.NLB"  "%NLSRTL32%\DATA\"              5418 false        false   false            00         00   00 ""    ""   ""     
          ""       "LX20352.NLB"  "%NLSRTL32%\DATA\"              5423 false        false   false            00         00   00 ""    ""   ""     
          ""       "LX20353.NLB"  "%NLSRTL32%\DATA\"              5426 false        false   false            00         00   00 ""    ""   ""     
          ""       "LX2035C.NLB"  "%NLSRTL32%\DATA\"              7977 false        false   false            00         00   00 ""    ""   ""     
          ""       "LX2035D.NLB"  "%NLSRTL32%\DATA\"              9002 false        false   false            00         00   00 ""    ""   ""     
          ""       "LX2035E.NLB"  "%NLSRTL32%\DATA\"              3361 false        false   false            00         00   00 ""    ""   ""     
          ""       "LX2035F.NLB"  "%NLSRTL32%\DATA\"              7986 false        false   false            00         00   00 ""    ""   ""     
          ""       "LX20360.NLB"  "%NLSRTL32%\DATA\"              6946 false        false   false            00         00   00 ""    ""   ""     
          ""       "LX20361.NLB"  "%NLSRTL32%\DATA\"              4898 false        false   false            00         00   00 ""    ""   ""     
          ""       "LX20362.NLB"  "%NLSRTL32%\DATA\"              4890 false        false   false            00         00   00 ""    ""   ""     
          ""       "LX20366.NLB"  "%NLSRTL32%\DATA\"             16163 false        false   false            00         00   00 ""    ""   ""     
          ""       "LX203E5.NLB"  "%NLSRTL32%\DATA\"              3868 false        false   false            00         00   00 ""    ""   ""     
          ""       "LX203E6.NLB"  "%NLSRTL32%\DATA\"              5419 false        false   false            00         00   00 ""    ""   ""     
          ""       "LX30001.NLB"  "%NLSRTL32%\DATA\"              8170 false        false   false            00         00   00 ""    ""   ""     
          ""       "LX30002.NLB"  "%NLSRTL32%\DATA\"             10231 false        false   false            00         00   00 ""    ""   ""     
          ""       "LX30003.NLB"  "%NLSRTL32%\DATA\"              8163 false        false   false            00         00   00 ""    ""   ""     
          ""       "LX30004.NLB"  "%NLSRTL32%\DATA\"             10224 false        false   false            00         00   00 ""    ""   ""     
          ""       "LX30005.NLB"  "%NLSRTL32%\DATA\"              8163 false        false   false            00         00   00 ""    ""   ""     
          ""       "LX30006.NLB"  "%NLSRTL32%\DATA\"             10248 false        false   false            00         00   00 ""    ""   ""     
          ""       "LX30007.NLB"  "%NLSRTL32%\DATA\"              8164 false        false   false            00         00   00 ""    ""   ""     
          ""       "LX30008.NLB"  "%NLSRTL32%\DATA\"             10209 false        false   false            00         00   00 ""    ""   ""     
          ""       "LX30009.NLB"  "%NLSRTL32%\DATA\"              8167 false        false   false            00         00   00 ""    ""   ""     
          ""       "LX3000A.NLB"  "%NLSRTL32%\DATA\"             10336 false        false   false            00         00   00 ""    ""   ""     
          ""       "LX3000B.NLB"  "%NLSRTL32%\DATA\"              8164 false        false   false            00         00   00 ""    ""   ""     
          ""       "LX3000C.NLB"  "%NLSRTL32%\DATA\"              8163 false        false   false            00         00   00 ""    ""   ""     
          ""       "LX3000D.NLB"  "%NLSRTL32%\DATA\"              8166 false        false   false            00         00   00 ""    ""   ""     
          ""       "LX3000E.NLB"  "%NLSRTL32%\DATA\"              8164 false        false   false            00         00   00 ""    ""   ""     
          ""       "LX3000F.NLB"  "%NLSRTL32%\DATA\"              8164 false        false   false            00         00   00 ""    ""   ""     
          ""       "LX30010.NLB"  "%NLSRTL32%\DATA\"              8166 false        false   false            00         00   00 ""    ""   ""     
          ""       "LX30011.NLB"  "%NLSRTL32%\DATA\"              8162 false        false   false            00         00   00 ""    ""   ""     
          ""       "LX30012.NLB"  "%NLSRTL32%\DATA\"             10207 false        false   false            00         00   00 ""    ""   ""     
          ""       "LX30013.NLB"  "%NLSRTL32%\DATA\"              8162 false        false   false            00         00   00 ""    ""   ""     
          ""       "LX30014.NLB"  "%NLSRTL32%\DATA\"             10223 false        false   false            00         00   00 ""    ""   ""     
          ""       "LX30015.NLB"  "%NLSRTL32%\DATA\"              8163 false        false   false            00         00   00 ""    ""   ""     
          ""       "LX30016.NLB"  "%NLSRTL32%\DATA\"              8166 false        false   false            00         00   00 ""    ""   ""     
          ""       "LX30017.NLB"  "%NLSRTL32%\DATA\"             10359 false        false   false            00         00   00 ""    ""   ""     
          ""       "LX30018.NLB"  "%NLSRTL32%\DATA\"              8162 false        false   false            00         00   00 ""    ""   ""     
          ""       "LX30019.NLB"  "%NLSRTL32%\DATA\"              8162 false        false   false            00         00   00 ""    ""   ""     
          ""       "LX3001A.NLB"  "%NLSRTL32%\DATA\"             10199 false        false   false            00         00   00 ""    ""   ""     
          ""       "LX3001B.NLB"  "%NLSRTL32%\DATA\"              8163 false        false   false            00         00   00 ""    ""   ""     
          ""       "LX3001C.NLB"  "%NLSRTL32%\DATA\"              8163 false        false   false            00         00   00 ""    ""   ""     
          ""       "LX3001D.NLB"  "%NLSRTL32%\DATA\"             10220 false        false   false            00         00   00 ""    ""   ""     
          ""       "LX3001E.NLB"  "%NLSRTL32%\DATA\"              8162 false        false   false            00         00   00 ""    ""   ""     
          ""       "LX3001F.NLB"  "%NLSRTL32%\DATA\"              8172 false        false   false            00         00   00 ""    ""   ""     
          ""       "LX30020.NLB"  "%NLSRTL32%\DATA\"              8171 false        false   false            00         00   00 ""    ""   ""     
          ""       "LX30021.NLB"  "%NLSRTL32%\DATA\"              8164 false        false   false            00         00   00 ""    ""   ""     
          ""       "LX30022.NLB"  "%NLSRTL32%\DATA\"             10189 false        false   false            00         00   00 ""    ""   ""     
          ""       "LX30023.NLB"  "%NLSRTL32%\DATA\"              8164 false        false   false            00         00   00 ""    ""   ""     
          ""       "LX30024.NLB"  "%NLSRTL32%\DATA\"              8163 false        false   false            00         00   00 ""    ""   ""     
          ""       "LX30025.NLB"  "%NLSRTL32%\DATA\"              8167 false        false   false            00         00   00 ""    ""   ""     
          ""       "LX30026.NLB"  "%NLSRTL32%\DATA\"              8165 false        false   false            00         00   00 ""    ""   ""     
          ""       "LX30027.NLB"  "%NLSRTL32%\DATA\"             10262 false        false   false            00         00   00 ""    ""   ""     
          ""       "LX30028.NLB"  "%NLSRTL32%\DATA\"              8165 false        false   false            00         00   00 ""    ""   ""     
          ""       "LX30029.NLB"  "%NLSRTL32%\DATA\"              8166 false        false   false            00         00   00 ""    ""   ""     
          ""       "LX3002A.NLB"  "%NLSRTL32%\DATA\"              8164 false        false   false            00         00   00 ""    ""   ""     
          ""       "LX3002B.NLB"  "%NLSRTL32%\DATA\"             10189 false        false   false            00         00   00 ""    ""   ""     
          ""       "LX3002C.NLB"  "%NLSRTL32%\DATA\"              8166 false        false   false            00         00   00 ""    ""   ""     
          ""       "LX3002D.NLB"  "%NLSRTL32%\DATA\"             10179 false        false   false            00         00   00 ""    ""   ""     
          ""       "LX3002E.NLB"  "%NLSRTL32%\DATA\"              8166 false        false   false            00         00   00 ""    ""   ""     
          ""       "LX3002F.NLB"  "%NLSRTL32%\DATA\"              8165 false        false   false            00         00   00 ""    ""   ""     
          ""       "LX30030.NLB"  "%NLSRTL32%\DATA\"              8163 false        false   false            00         00   00 ""    ""   ""     
          ""       "LX30031.NLB"  "%NLSRTL32%\DATA\"              8165 false        false   false            00         00   00 ""    ""   ""     
          ""       "LX30032.NLB"  "%NLSRTL32%\DATA\"              8162 false        false   false            00         00   00 ""    ""   ""     
          ""       "LX30033.NLB"  "%NLSRTL32%\DATA\"              8168 false        false   false            00         00   00 ""    ""   ""     
          ""       "LX30034.NLB"  "%NLSRTL32%\DATA\"             10633 false        false   false            00         00   00 ""    ""   ""     
          ""       "LX30035.NLB"  "%NLSRTL32%\DATA\"              4172 false        false   false            00         00   00 ""    ""   ""     
          ""       "LX30036.NLB"  "%NLSRTL32%\DATA\"              8167 false        false   false            00         00   00 ""    ""   ""     
          ""       "LX30037.NLB"  "%NLSRTL32%\DATA\"              8165 false        false   false            00         00   00 ""    ""   ""     
          ""       "LX30038.NLB"  "%NLSRTL32%\DATA\"              8164 false        false   false            00         00   00 ""    ""   ""     
          ""       "LX30039.NLB"  "%NLSRTL32%\DATA\"              8164 false        false   false            00         00   00 ""    ""   ""     
          ""       "LX3003A.NLB"  "%NLSRTL32%\DATA\"             10200 false        false   false            00         00   00 ""    ""   ""     
          ""       "LX40001.NLB"  "%NLSRTL32%\DATA\"              2516 false        false   false            00         00   00 ""    ""   ""     
          ""       "LX40002.NLB"  "%NLSRTL32%\DATA\"              2336 false        false   false            00         00   00 ""    ""   ""     
          ""       "LX40003.NLB"  "%NLSRTL32%\DATA\"              2484 false        false   false            00         00   00 ""    ""   ""     
          ""       "LX40004.NLB"  "%NLSRTL32%\DATA\"              2528 false        false   false            00         00   00 ""    ""   ""     
          ""       "LX40005.NLB"  "%NLSRTL32%\DATA\"             25878 false        false   false            00         00   00 ""    ""   ""     
          ""       "LX40006.NLB"  "%NLSRTL32%\DATA\"               197 false        false   false            00         00   00 ""    ""   ""     
          ""       "LX40007.NLB"  "%NLSRTL32%\DATA\"               389 false        false   false            00         00   00 ""    ""   ""     
          ""       "LX40008.NLB"  "%NLSRTL32%\DATA\"             20234 false        false   false            00         00   00 ""    ""   ""     
          ""       "LX40009.NLB"  "%NLSRTL32%\DATA\"             17217 false        false   false            00         00   00 ""    ""   ""     
          ""       "LX4000A.NLB"  "%NLSRTL32%\DATA\"             18301 false        false   false            00         00   00 ""    ""   ""     
          ""       "LX4000B.NLB"  "%NLSRTL32%\DATA\"             27049 false        false   false            00         00   00 ""    ""   ""     
          ""       "LX4000C.NLB"  "%NLSRTL32%\DATA\"             11756 false        false   false            00         00   00 ""    ""   ""     
          ""       "LX4000D.NLB"  "%NLSRTL32%\DATA\"             30744 false        false   false            00         00   00 ""    ""   ""     
          ""       "LX4000E.NLB"  "%NLSRTL32%\DATA\"              2219 false        false   false            00         00   00 ""    ""   ""     
          ""       "LX4000F.NLB"  "%NLSRTL32%\DATA\"             32899 false        false   false            00         00   00 ""    ""   ""     
          ""       "LX40010.NLB"  "%NLSRTL32%\DATA\"             16515 false        false   false            00         00   00 ""    ""   ""     
          ""       "LX40011.NLB"  "%NLSRTL32%\DATA\"               135 false        false   false            00         00   00 ""    ""   ""     
          ""       "LX40012.NLB"  "%NLSRTL32%\DATA\"             16945 false        false   false            00         00   00 ""    ""   ""     
          ""       "LX40013.NLB"  "%NLSRTL32%\DATA\"              2863 false        false   false            00         00   00 ""    ""   ""     
          ""       "LX40014.NLB"  "%NLSRTL32%\DATA\"             32899 false        false   false            00         00   00 ""    ""   ""     
          ""       "LX40015.NLB"  "%NLSRTL32%\DATA\"             16515 false        false   false            00         00   00 ""    ""   ""     
          ""       "LX40016.NLB"  "%NLSRTL32%\DATA\"               135 false        false   false            00         00   00 ""    ""   ""     
          ""       "LX40017.NLB"  "%NLSRTL32%\DATA\"             28077 false        false   false            00         00   00 ""    ""   ""     
          ""       "LX40018.NLB"  "%NLSRTL32%\DATA\"              2701 false        false   false            00         00   00 ""    ""   ""     
          ""       "LX40019.NLB"  "%NLSRTL32%\DATA\"             32897 false        false   false            00         00   00 ""    ""   ""     
          ""       "LX4001A.NLB"  "%NLSRTL32%\DATA\"             16513 false        false   false            00         00   00 ""    ""   ""     
          ""       "LX4001B.NLB"  "%NLSRTL32%\DATA\"               133 false        false   false            00         00   00 ""    ""   ""     
          ""       "LX4001C.NLB"  "%NLSRTL32%\DATA\"             17775 false        false   false            00         00   00 ""    ""   ""     
          ""       "LX4001D.NLB"  "%NLSRTL32%\DATA\"             32902 false        false   false            00         00   00 ""    ""   ""     
          ""       "LX4001E.NLB"  "%NLSRTL32%\DATA\"             32902 false        false   false            00         00   00 ""    ""   ""     
          ""       "LX4001F.NLB"  "%NLSRTL32%\DATA\"             32902 false        false   false            00         00   00 ""    ""   ""     
          ""       "LX40020.NLB"  "%NLSRTL32%\DATA\"             32902 false        false   false            00         00   00 ""    ""   ""     
          ""       "LX40021.NLB"  "%NLSRTL32%\DATA\"             17616 false        false   false            00         00   00 ""    ""   ""     
          ""       "LX40022.NLB"  "%NLSRTL32%\DATA\"              4833 false        false   false            00         00   00 ""    ""   ""     
          ""       "LX40023.NLB"  "%NLSRTL32%\DATA\"               243 false        false   false            00         00   00 ""    ""   ""     
          ""       "LX40024.NLB"  "%NLSRTL32%\DATA\"             50081 false        false   false            00         00   00 ""    ""   ""     
          ""       "LX40025.NLB"  "%NLSRTL32%\DATA\"             50077 false        false   false            00         00   00 ""    ""   ""     
          ""       "LX40026.NLB"  "%NLSRTL32%\DATA\"              2698 false        false   false            00         00   00 ""    ""   ""     
          ""       "LX40027.NLB"  "%NLSRTL32%\DATA\"              2838 false        false   false            00         00   00 ""    ""   ""     
          ""       "LX40028.NLB"  "%NLSRTL32%\DATA\"              1386 false        false   false            00         00   00 ""    ""   ""     
          ""       "LX40029.NLB"  "%NLSRTL32%\DATA\"              1498 false        false   false            00         00   00 ""    ""   ""     
          ""       "LX4002A.NLB"  "%NLSRTL32%\DATA\"              1393 false        false   false            00         00   00 ""    ""   ""     
          ""       "LX4002B.NLB"  "%NLSRTL32%\DATA\"              1645 false        false   false            00         00   00 ""    ""   ""     
          ""       "LX4002C.NLB"  "%NLSRTL32%\DATA\"              4134 false        false   false            00         00   00 ""    ""   ""     
          ""       "LX4002D.NLB"  "%NLSRTL32%\DATA\"              4814 false        false   false            00         00   00 ""    ""   ""     

user      ""       ""             "%ORACLE_HOME%\MSHELP"            00 false        false   false            00         00   00 ""    ""   ""     

