#Name   Subgroup Source         Destination               Size    Instantiate? Append? Compress? StartDisk TotalDisks Icon Group                 Item               Command                        

nocopy  ""       "NT.STP"       "%INSTALLER_HOME%\"         59418 false        false   false            00         00   00 ""                    ""                 ""                             
        ""       "ORAINST.VRF"  "%INSTALLER_HOME%\"          4915 false        false   false            00         00   00 ""                    ""                 ""                             
        ""       "ORAINST.INS"  "%INSTALLER_HOME%\"          3138 false        false   false            00         00   00 ""                    ""                 ""                             
        ""       "NT.VRF"       "%INSTALLER_HOME%\"          8020 false        false   false            00         00   00 ""                    ""                 ""                             
        ""       "NT.INS"       "%INSTALLER_HOME%\"           991 false        false   false            00         00   00 ""                    ""                 ""                             
        ""       "NT.DEI"       "%INSTALLER_HOME%\"          1571 false        false   false            00         00   00 ""                    ""                 ""                             
        ""       "NT.AVF"       "%INSTALLER_HOME%\"          4330 false        false   false            00         00   00 ""                    ""                 ""                             
        ""       "NT.PIN"       "%INSTALLER_HOME%\"           644 false        false   false            00         00   00 ""                    ""                 ""                             
        ""       "NT.SHD"       "%INSTALLER_HOME%\"          1202 false        false   false            00         00   00 ""                    ""                 ""                             
        ""       "NT.PVF"       "%INSTALLER_HOME%\"          2425 false        false   false            00         00   00 ""                    ""                 ""                             
        ""       "NT.RSP"       "%INSTALLER_HOME%\"           954 false        false   false            00         00   00 ""                    ""                 ""                             
        ""       "MAKEDIR.VRF"  "%INSTALLER_HOME%\"         22927 false        false   false            00         00   00 ""                    ""                 ""                             
        ""       "SERVICES.VRF" "%INSTALLER_HOME%\"          4564 false        false   false            00         00   00 ""                    ""                 ""                             
        ""       "SETUP.EXE"    "%INSTALLER_HOME%\"         16384 false        false   false            00         00   00 ""                    ""                 ""                             
        ""       "USER.LIC"     "%INSTALLER_HOME%\"           494 false        false   false            00         00   00 ""                    ""                 ""                             
        ""       "USER.STP"     "%INSTALLER_HOME%\"           914 false        false   false            00         00   00 ""                    ""                 ""                             

script  ""       "NT.ZOO"       "%INSTALLER_HOME%\NT.STP"   21866 false        false   false            00         00   00 ""                    ""                 ""                             
        ""       "ADVUS.BMP"    "%INSTALLER_HOME%\"         36856 false        false   false            00         00   00 ""                    ""                 ""                             
        ""       "STARTUS.BMP"  "%INSTALLER_HOME%\"         36856 false        false   false            00         00   00 ""                    ""                 ""                             
        ""       "LOADUS.BMP"   "%INSTALLER_HOME%\"         41318 false        false   false            00         00   00 ""                    ""                 ""                             
        ""       "READHUS.TXT"  "%INSTALLER_HOME%\"          6635 false        false   false            00         00   00 ""                    ""                 ""                             

deinstl ""       "ORAINST.MAP"  "%INSTALLER_HOME%\"         27198 false        false   false            00         00   00 ""                    ""                 ""                             
        ""       "ORAINST.DEI"  "%INSTALLER_HOME%\"           609 false        false   false            00         00   00 ""                    ""                 ""                             
        ""       "ORAINST.US"   "%INSTALLER_HOME%\"          8192 false        false   false            00         00   00 ""                    ""                 ""                             
        "f"      "ORAINST.F"    "%INSTALLER_HOME%\"          8192 false        false   false            00         00   00 ""                    ""                 ""                             
        "i"      "ORAINST.I"    "%INSTALLER_HOME%\"          8192 false        false   false            00         00   00 ""                    ""                 ""                             
        "d"      "ORAINST.D"    "%INSTALLER_HOME%\"          8192 false        false   false            00         00   00 ""                    ""                 ""                             
        "e"      "ORAINST.E"    "%INSTALLER_HOME%\"          8192 false        false   false            00         00   00 ""                    ""                 ""                             
        "ja"     "ORAINST.JA"   "%INSTALLER_HOME%\"          8192 false        false   false            00         00   00 ""                    ""                 ""                             
        "dk"     "ORAINST.DK"   "%INSTALLER_HOME%\"          8192 false        false   false            00         00   00 ""                    ""                 ""                             
        "n"      "ORAINST.N"    "%INSTALLER_HOME%\"          8192 false        false   false            00         00   00 ""                    ""                 ""                             
        "nl"     "ORAINST.NL"   "%INSTALLER_HOME%\"          8192 false        false   false            00         00   00 ""                    ""                 ""                             
        "s"      "ORAINST.S"    "%INSTALLER_HOME%\"          8192 false        false   false            00         00   00 ""                    ""                 ""                             
        "sf"     "ORAINST.SF"   "%INSTALLER_HOME%\"          8192 false        false   false            00         00   00 ""                    ""                 ""                             
        "pt"     "ORAINST.PT"   "%INSTALLER_HOME%\"          8192 false        false   false            00         00   00 ""                    ""                 ""                             
        "ptb"    "ORAINST.PTB"  "%INSTALLER_HOME%\"          8192 false        false   false            00         00   00 ""                    ""                 ""                             
        "el"     "ORAINST.EL"   "%INSTALLER_HOME%\"          8192 false        false   false            00         00   00 ""                    ""                 ""                             
        "tr"     "ORAINST.TR"   "%INSTALLER_HOME%\"          8192 false        false   false            00         00   00 ""                    ""                 ""                             
        "cs"     "ORAINST.CS"   "%INSTALLER_HOME%\"          8192 false        false   false            00         00   00 ""                    ""                 ""                             
        "sk"     "ORAINST.SK"   "%INSTALLER_HOME%\"          8192 false        false   false            00         00   00 ""                    ""                 ""                             
        "hu"     "ORAINST.HU"   "%INSTALLER_HOME%\"          8192 false        false   false            00         00   00 ""                    ""                 ""                             
        "ru"     "ORAINST.RU"   "%INSTALLER_HOME%\"          8192 false        false   false            00         00   00 ""                    ""                 ""                             
        "pl"     "ORAINST.PL"   "%INSTALLER_HOME%\"          8192 false        false   false            00         00   00 ""                    ""                 ""                             
        "zhs"    "ORAINST.ZHS"  "%INSTALLER_HOME%\"          8192 false        false   false            00         00   00 ""                    ""                 ""                             
        "zht"    "ORAINST.ZHT"  "%INSTALLER_HOME%\"          8192 false        false   false            00         00   00 ""                    ""                 ""                             

res     ""       "OIUS.RES"     "%ORACLE_HOME%\DBS\"       155648 false        false   false            00         00   00 ""                    ""                 ""                             
        ""       "OINUS.MSB"    "%ORACLE_HOME%\DBS\"        30720 false        false   false            00         00   00 ""                    ""                 ""                             
        ""       "NT.US"        "%ORACLE_HOME%\DBS\"        61440 false        false   false            00         00   00 ""                    ""                 ""                             
        ""       "OIUS.MSB"     "%ORACLE_HOME%\DBS\"         4608 false        false   false            00         00   00 ""                    ""                 ""                             
        ""       "WSHUS.WMF"    "%INSTALLER_HOME%\"        151970 false        false   false            00         00   00 ""                    ""                 ""                             
        "f"      "OIF.RES"      "%ORACLE_HOME%\DBS\"       163840 false        false   false            00         00   00 ""                    ""                 ""                             
        "f"      "NT.F"         "%ORACLE_HOME%\DBS\"        65536 false        false   false            00         00   00 ""                    ""                 ""                             
        "f"      "OIF.MSB"      "%ORACLE_HOME%\DBS\"         5120 false        false   false            00         00   00 ""                    ""                 ""                             
        "f"      "OINF.MSB"     "%ORACLE_HOME%\DBS\"        35840 false        false   false            00         00   00 ""                    ""                 ""                             
        "i"      "OII.RES"      "%ORACLE_HOME%\DBS\"       163840 false        false   false            00         00   00 ""                    ""                 ""                             
        "i"      "NT.I"         "%ORACLE_HOME%\DBS\"        65536 false        false   false            00         00   00 ""                    ""                 ""                             
        "i"      "OII.MSB"      "%ORACLE_HOME%\DBS\"         5120 false        false   false            00         00   00 ""                    ""                 ""                             
        "i"      "OINI.MSB"     "%ORACLE_HOME%\DBS\"        40960 false        false   false            00         00   00 ""                    ""                 ""                             
        "d"      "OID.RES"      "%ORACLE_HOME%\DBS\"       163840 false        false   false            00         00   00 ""                    ""                 ""                             
        "d"      "NT.D"         "%ORACLE_HOME%\DBS\"        65536 false        false   false            00         00   00 ""                    ""                 ""                             
        "d"      "OID.MSB"      "%ORACLE_HOME%\DBS\"         5120 false        false   false            00         00   00 ""                    ""                 ""                             
        "d"      "OIND.MSB"     "%ORACLE_HOME%\DBS\"        33280 false        false   false            00         00   00 ""                    ""                 ""                             
        "e"      "OIE.RES"      "%ORACLE_HOME%\DBS\"       159744 false        false   false            00         00   00 ""                    ""                 ""                             
        "e"      "NT.E"         "%ORACLE_HOME%\DBS\"        61440 false        false   false            00         00   00 ""                    ""                 ""                             
        "e"      "OIE.MSB"      "%ORACLE_HOME%\DBS\"         5120 false        false   false            00         00   00 ""                    ""                 ""                             
        "e"      "OINE.MSB"     "%ORACLE_HOME%\DBS\"        34304 false        false   false            00         00   00 ""                    ""                 ""                             
        "ja"     "OIJA.RES"     "%ORACLE_HOME%\DBS\"       155648 false        false   false            00         00   00 ""                    ""                 ""                             
        "ja"     "NT.JA"        "%ORACLE_HOME%\DBS\"        57344 false        false   false            00         00   00 ""                    ""                 ""                             
        "ja"     "OIJA.MSB"     "%ORACLE_HOME%\DBS\"         5120 false        false   false            00         00   00 ""                    ""                 ""                             
        "ja"     "OINJA.MSB"    "%ORACLE_HOME%\DBS\"        34304 false        false   false            00         00   00 ""                    ""                 ""                             
        "dk"     "OIDK.RES"     "%ORACLE_HOME%\DBS\"       155648 false        false   false            00         00   00 ""                    ""                 ""                             
        "dk"     "NT.DK"        "%ORACLE_HOME%\DBS\"        57344 false        false   false            00         00   00 ""                    ""                 ""                             
        "dk"     "OIDK.MSB"     "%ORACLE_HOME%\DBS\"         4608 false        false   false            00         00   00 ""                    ""                 ""                             
        "dk"     "OINDK.MSB"    "%ORACLE_HOME%\DBS\"        29696 false        false   false            00         00   00 ""                    ""                 ""                             
        "n"      "OIN.RES"      "%ORACLE_HOME%\DBS\"       159744 false        false   false            00         00   00 ""                    ""                 ""                             
        "n"      "NT.N"         "%ORACLE_HOME%\DBS\"        61440 false        false   false            00         00   00 ""                    ""                 ""                             
        "n"      "OIN.MSB"      "%ORACLE_HOME%\DBS\"         4608 false        false   false            00         00   00 ""                    ""                 ""                             
        "n"      "OINN.MSB"     "%ORACLE_HOME%\DBS\"        31232 false        false   false            00         00   00 ""                    ""                 ""                             
        "nl"     "OINL.RES"     "%ORACLE_HOME%\DBS\"       163840 false        false   false            00         00   00 ""                    ""                 ""                             
        "nl"     "NT.NL"        "%ORACLE_HOME%\DBS\"        65536 false        false   false            00         00   00 ""                    ""                 ""                             
        "nl"     "OINL.MSB"     "%ORACLE_HOME%\DBS\"         5120 false        false   false            00         00   00 ""                    ""                 ""                             
        "nl"     "OINNL.MSB"    "%ORACLE_HOME%\DBS\"        34816 false        false   false            00         00   00 ""                    ""                 ""                             
        "s"      "OIS.RES"      "%ORACLE_HOME%\DBS\"       155648 false        false   false            00         00   00 ""                    ""                 ""                             
        "s"      "NT.S"         "%ORACLE_HOME%\DBS\"        57344 false        false   false            00         00   00 ""                    ""                 ""                             
        "s"      "OIS.MSB"      "%ORACLE_HOME%\DBS\"         4608 false        false   false            00         00   00 ""                    ""                 ""                             
        "s"      "OINS.MSB"     "%ORACLE_HOME%\DBS\"        30720 false        false   false            00         00   00 ""                    ""                 ""                             
        "sf"     "OISF.RES"     "%ORACLE_HOME%\DBS\"       155648 false        false   false            00         00   00 ""                    ""                 ""                             
        "sf"     "NT.SF"        "%ORACLE_HOME%\DBS\"        57344 false        false   false            00         00   00 ""                    ""                 ""                             
        "sf"     "OISF.MSB"     "%ORACLE_HOME%\DBS\"         5120 false        false   false            00         00   00 ""                    ""                 ""                             
        "sf"     "OINSF.MSB"    "%ORACLE_HOME%\DBS\"        32768 false        false   false            00         00   00 ""                    ""                 ""                             
        "pt"     "OIPT.RES"     "%ORACLE_HOME%\DBS\"       163840 false        false   false            00         00   00 ""                    ""                 ""                             
        "pt"     "NT.PT"        "%ORACLE_HOME%\DBS\"        61440 false        false   false            00         00   00 ""                    ""                 ""                             
        "pt"     "OIPT.MSB"     "%ORACLE_HOME%\DBS\"         5120 false        false   false            00         00   00 ""                    ""                 ""                             
        "pt"     "OINPT.MSB"    "%ORACLE_HOME%\DBS\"        32768 false        false   false            00         00   00 ""                    ""                 ""                             
        "ptb"    "OIPTB.RES"    "%ORACLE_HOME%\DBS\"       163840 false        false   false            00         00   00 ""                    ""                 ""                             
        "ptb"    "NT.PTB"       "%ORACLE_HOME%\DBS\"        65536 false        false   false            00         00   00 ""                    ""                 ""                             
        "ptb"    "OIPTB.MSB"    "%ORACLE_HOME%\DBS\"         5120 false        false   false            00         00   00 ""                    ""                 ""                             
        "ptb"    "OINPTB.MSB"   "%ORACLE_HOME%\DBS\"        33280 false        false   false            00         00   00 ""                    ""                 ""                             
        "el"     "OIEL.RES"     "%ORACLE_HOME%\DBS\"       163840 false        false   false            00         00   00 ""                    ""                 ""                             
        "el"     "NT.EL"        "%ORACLE_HOME%\DBS\"        65536 false        false   false            00         00   00 ""                    ""                 ""                             
        "el"     "OIEL.MSB"     "%ORACLE_HOME%\DBS\"         5120 false        false   false            00         00   00 ""                    ""                 ""                             
        "el"     "OINEL.MSB"    "%ORACLE_HOME%\DBS\"        34304 false        false   false            00         00   00 ""                    ""                 ""                             
        "tr"     "OITR.RES"     "%ORACLE_HOME%\DBS\"       151552 false        false   false            00         00   00 ""                    ""                 ""                             
        "tr"     "NT.TR"        "%ORACLE_HOME%\DBS\"        61440 false        false   false            00         00   00 ""                    ""                 ""                             
        "tr"     "OITR.MSB"     "%ORACLE_HOME%\DBS\"         4608 false        false   false            00         00   00 ""                    ""                 ""                             
        "tr"     "OINTR.MSB"    "%ORACLE_HOME%\DBS\"        33280 false        false   false            00         00   00 ""                    ""                 ""                             
        "cs"     "OICS.RES"     "%ORACLE_HOME%\DBS\"       155648 false        false   false            00         00   00 ""                    ""                 ""                             
        "cs"     "NT.CS"        "%ORACLE_HOME%\DBS\"        61440 false        false   false            00         00   00 ""                    ""                 ""                             
        "cs"     "OICS.MSB"     "%ORACLE_HOME%\DBS\"         4608 false        false   false            00         00   00 ""                    ""                 ""                             
        "cs"     "OINCS.MSB"    "%ORACLE_HOME%\DBS\"        32256 false        false   false            00         00   00 ""                    ""                 ""                             
        "sk"     "OISK.RES"     "%ORACLE_HOME%\DBS\"       155648 false        false   false            00         00   00 ""                    ""                 ""                             
        "sk"     "NT.SK"        "%ORACLE_HOME%\DBS\"        57344 false        false   false            00         00   00 ""                    ""                 ""                             
        "sk"     "OISK.MSB"     "%ORACLE_HOME%\DBS\"         5120 false        false   false            00         00   00 ""                    ""                 ""                             
        "sk"     "OINSK.MSB"    "%ORACLE_HOME%\DBS\"        31232 false        false   false            00         00   00 ""                    ""                 ""                             
        "hu"     "OIHU.RES"     "%ORACLE_HOME%\DBS\"       155648 false        false   false            00         00   00 ""                    ""                 ""                             
        "hu"     "NT.HU"        "%ORACLE_HOME%\DBS\"        57344 false        false   false            00         00   00 ""                    ""                 ""                             
        "hu"     "OIHU.MSB"     "%ORACLE_HOME%\DBS\"         5120 false        false   false            00         00   00 ""                    ""                 ""                             
        "hu"     "OINHU.MSB"    "%ORACLE_HOME%\DBS\"        33792 false        false   false            00         00   00 ""                    ""                 ""                             
        "ru"     "OIRU.RES"     "%ORACLE_HOME%\DBS\"       155648 false        false   false            00         00   00 ""                    ""                 ""                             
        "ru"     "NT.RU"        "%ORACLE_HOME%\DBS\"        57344 false        false   false            00         00   00 ""                    ""                 ""                             
        "ru"     "OIRU.MSB"     "%ORACLE_HOME%\DBS\"         4608 false        false   false            00         00   00 ""                    ""                 ""                             
        "ru"     "OINRU.MSB"    "%ORACLE_HOME%\DBS\"        32256 false        false   false            00         00   00 ""                    ""                 ""                             
        "pl"     "OIPL.RES"     "%ORACLE_HOME%\DBS\"       159744 false        false   false            00         00   00 ""                    ""                 ""                             
        "pl"     "NT.PL"        "%ORACLE_HOME%\DBS\"        61440 false        false   false            00         00   00 ""                    ""                 ""                             
        "pl"     "OIPL.MSB"     "%ORACLE_HOME%\DBS\"         5120 false        false   false            00         00   00 ""                    ""                 ""                             
        "pl"     "OINPL.MSB"    "%ORACLE_HOME%\DBS\"        32768 false        false   false            00         00   00 ""                    ""                 ""                             
        "zhs"    "OIZHS.RES"    "%ORACLE_HOME%\DBS\"       139264 false        false   false            00         00   00 ""                    ""                 ""                             
        "zhs"    "NT.ZHS"       "%ORACLE_HOME%\DBS\"        49152 false        false   false            00         00   00 ""                    ""                 ""                             
        "zhs"    "OIZHS.MSB"    "%ORACLE_HOME%\DBS\"         4096 false        false   false            00         00   00 ""                    ""                 ""                             
        "zhs"    "OINZHS.MSB"   "%ORACLE_HOME%\DBS\"        23040 false        false   false            00         00   00 ""                    ""                 ""                             
        "zht"    "OIZHT.RES"    "%ORACLE_HOME%\DBS\"       139264 false        false   false            00         00   00 ""                    ""                 ""                             
        "zht"    "NT.ZHT"       "%ORACLE_HOME%\DBS\"        49152 false        false   false            00         00   00 ""                    ""                 ""                             
        "zht"    "OIZHT.MSB"    "%ORACLE_HOME%\DBS\"         4096 false        false   false            00         00   00 ""                    ""                 ""                             
        "zht"    "OINZHT.MSB"   "%ORACLE_HOME%\DBS\"        24064 false        false   false            00         00   00 ""                    ""                 ""                             

exec    ""       "ORAINST.EXE"  "%ORACLE_HOME%\BIN\"        64000 false        false   false            00         00   00 "%oracle_group_name%" "Oracle Installer" "%oracle_home%\bin\orainst.exe"
        ""       "OIEXEC.DLL"   "%ORACLE_HOME%\BIN\"      2394624 false        false   false            00         00   00 ""                    ""                 ""                             
        ""       "CTL3D32.NEW"  "%ORACLE_HOME%\BIN\"        27136 false        false   false            00         00   00 ""                    ""                 ""                             

